Archive member included because of file (symbol)

contiki-sky.a(contiki-sky-pla)
                              obj_sky/contiki-sky-main.o (init_platform)
contiki-sky.a(button-sensor.o)
                              contiki-sky.a(contiki-sky-pla) (button_sensor)
contiki-sky.a(ds2411.o)       obj_sky/contiki-sky-main.o (ds2411_init)
contiki-sky.a(xmem.o)         obj_sky/contiki-sky-main.o (xmem_init)
contiki-sky.a(node-id.o)      obj_sky/contiki-sky-main.o (node_id_restore)
contiki-sky.a(sensors.o)      contiki-sky.a(button-sensor.o) (sensors_changed)
contiki-sky.a(cc2420.o)       obj_sky/contiki-sky-main.o (cc2420_set_pan_addr)
contiki-sky.a(cc2420-arch.o)  contiki-sky.a(cc2420.o) (cc2420_arch_init)
contiki-sky.a(uart1.o)        obj_sky/contiki-sky-main.o (uart1_active)
contiki-sky.a(uart1-putchar.o)
                              obj_sky/contiki-sky-main.o (putchar)
contiki-sky.a(msp430.o)       contiki-sky.a(uart1.o) (msp430_add_lpm_req)
contiki-sky.a(clock.o)        udp-client-relay.co (clock_time)
contiki-sky.a(leds.o)         obj_sky/contiki-sky-main.o (leds_init)
contiki-sky.a(leds-arch.o)    contiki-sky.a(leds.o) (leds_arch_init)
contiki-sky.a(watchdog.o)     obj_sky/contiki-sky-main.o (watchdog_start)
contiki-sky.a(rtimer-arch.o)  obj_sky/contiki-sky-main.o (rtimer_arch_now)
contiki-sky.a(autostart.o)    obj_sky/contiki-sky-main.o (autostart_start)
contiki-sky.a(compower.o)     udp-client-relay.co (compower_idle_activity)
contiki-sky.a(ctimer.o)       obj_sky/contiki-sky-main.o (ctimer_init)
contiki-sky.a(energest.o)     obj_sky/contiki-sky-main.o (energest_init)
contiki-sky.a(etimer.o)       contiki-sky.a(clock.o) (etimer_request_poll)
contiki-sky.a(process.o)      udp-client-relay.co (process_current)
contiki-sky.a(rtimer.o)       obj_sky/contiki-sky-main.o (rtimer_init)
contiki-sky.a(timer.o)        obj_sky/contiki-sky-main.o (timer_set)
contiki-sky.a(serial-line.o)  udp-client-relay.co (serial_line_event_message)
contiki-sky.a(list.o)         contiki-sky.a(ctimer.o) (list_init)
contiki-sky.a(random.o)       obj_sky/contiki-sky-main.o (random_init)
contiki-sky.a(ringbuf.o)      contiki-sky.a(serial-line.o) (ringbuf_init)
contiki-sky.a(sicslowpan.o)   obj_sky/contiki-sky-main.o (sicslowpan_driver)
contiki-sky.a(uip6.o)         contiki-sky.a(sicslowpan.o) (uip_aligned_buf)
contiki-sky.a(uip-ds6.o)      contiki-sky.a(uip6.o) (uip_ds6_is_addr_onlink)
contiki-sky.a(uip-ds6-nbr.o)  contiki-sky.a(uip-ds6.o) (uip_ds6_neighbors_init)
contiki-sky.a(uip-ds6-route.o)
                              contiki-sky.a(uip-ds6.o) (uip_ds6_route_init)
contiki-sky.a(uip-icmp6.o)    contiki-sky.a(uip6.o) (uip_icmp6_input)
contiki-sky.a(uip-nd6.o)      contiki-sky.a(uip6.o) (uip_nd6_init)
contiki-sky.a(tcpip.o)        contiki-sky.a(sicslowpan.o) (tcpip_set_outputfunc)
contiki-sky.a(uip-debug.o)    contiki-sky.a(uip-ds6-route.o) (uip_debug_ipaddr_print)
contiki-sky.a(rpl.o)          contiki-sky.a(uip-ds6-nbr.o) (rpl_link_neighbor_callback)
contiki-sky.a(rpl-dag.o)      contiki-sky.a(rpl.o) (rpl_dag_init)
contiki-sky.a(rpl-ext-header.)
                              contiki-sky.a(uip6.o) (rpl_verify_hbh_header)
contiki-sky.a(rpl-icmp6.o)    contiki-sky.a(rpl-dag.o) (rpl_icmp6_update_nbr_table)
contiki-sky.a(rpl-mrhof.o)    contiki-sky.a(rpl-dag.o) (rpl_mrhof)
contiki-sky.a(rpl-timers.o)   contiki-sky.a(rpl.o) (rpl_reset_periodic_timer)
contiki-sky.a(csma.o)         obj_sky/contiki-sky-main.o (csma_driver)
contiki-sky.a(framer-802154.o)
                              contiki-sky.a(sicslowpan.o) (framer_802154)
contiki-sky.a(mac.o)          contiki-sky.a(csma.o) (mac_call_sent_callback)
contiki-sky.a(linkaddr.o)     obj_sky/contiki-sky-main.o (linkaddr_copy)
contiki-sky.a(link-stats.o)   contiki-sky.a(rpl-dag.o) (link_stats_from_lladdr)
contiki-sky.a(nbr-table.o)    contiki-sky.a(uip-ds6-nbr.o) (nbr_table_register)
contiki-sky.a(packetbuf.o)    contiki-sky.a(framer-802154.o) (packetbuf_hdrreduce)
contiki-sky.a(queuebuf.o)     obj_sky/contiki-sky-main.o (queuebuf_init)
contiki-sky.a(contikimac.o)   obj_sky/contiki-sky-main.o (contikimac_driver)
contiki-sky.a(nullsec.o)      obj_sky/contiki-sky-main.o (nullsec_driver)
contiki-sky.a(spi.o)          contiki-sky.a(xmem.o) (spi_init)
contiki-sky.a(stimer.o)       contiki-sky.a(uip-ds6.o) (stimer_set)
contiki-sky.a(memb.o)         contiki-sky.a(uip-ds6-route.o) (memb_init)
contiki-sky.a(rpl-nbr-policy.)
                              contiki-sky.a(nbr-table.o) (rpl_nbr_policy_find_removable)
contiki-sky.a(frame802154.o)  contiki-sky.a(framer-802154.o) (frame802154_get_pan_id)
contiki-sky.a(mac-sequence.o)
                              contiki-sky.a(contikimac.o) (mac_sequence_is_duplicate)
/opt/compilers/mspgcc-4.7.3/bin/../lib/gcc/msp430/4.7.3/mmpy-16/libgcc.a(_mulsi3.o)
                              contiki-sky.a(rpl-timers.o) (__mulsi3)
/opt/compilers/mspgcc-4.7.3/bin/../lib/gcc/msp430/4.7.3/mmpy-16/libgcc.a(_udivmod16.o)
[...]
Memory Configuration

Name             Origin             Length             Attributes
sfr              0x0000000000000000 0x0000000000000010
peripheral_8bit  0x0000000000000010 0x00000000000000f0
peripheral_16bit 0x0000000000000100 0x0000000000000100
ram_mirror       0x0000000000000200 0x0000000000000800 xw
infomem          0x0000000000001000 0x0000000000000100
infob            0x0000000000001000 0x0000000000000080
infoa            0x0000000000001080 0x0000000000000080
ram              0x0000000000001100 0x0000000000002800 xw
rom              0x0000000000004000 0x000000000000bfe0 xr
vectors          0x000000000000ffe0 0x0000000000000020
bsl              0x0000000000000000 0x0000000000000000
infoc            0x0000000000000000 0x0000000000000000
infod            0x0000000000000000 0x0000000000000000
ram2             0x0000000000000000 0x0000000000000000 xw
usbram           0x0000000000000000 0x0000000000000000 xw
far_rom          0x0000000000000000 0x0000000000000000
*default*        0x0000000000000000 0xffffffffffffffff

Linker script and memory map

LOAD /opt/compilers/mspgcc-4.7.3/bin/../lib/gcc/msp430/4.7.3/mmpy-16/crt0ivtbl16.o
LOAD udp-client-relay.co
LOAD obj_sky/contiki-sky-main.o
LOAD contiki-sky.a
LOAD /opt/compilers/mspgcc-4.7.3/bin/../lib/gcc/msp430/4.7.3/mmpy-16/libgcc.a
LOAD /opt/compilers/mspgcc-4.7.3/bin/../lib/gcc/msp430/4.7.3/../../../../msp430/lib/mmpy-16/libc.a
LOAD /opt/compilers/mspgcc-4.7.3/bin/../lib/gcc/msp430/4.7.3/mmpy-16/libgcc.a
LOAD /opt/compilers/mspgcc-4.7.3/bin/../lib/gcc/msp430/4.7.3/mmpy-16/libcrt0.a
                0x0000000000000080                PROVIDE (__info_segment_size, 0x80)
                0x0000000000001000                PROVIDE (__infob, 0x1000)
                0x0000000000001080                PROVIDE (__infoa, 0x1080)
                0x0000000000000000                __IE1 = 0x0
                0x0000000000000002                __IFG1 = 0x2
                0x0000000000000004                __ME1 = 0x4
                0x0000000000000001                __IE2 = 0x1
                0x0000000000000003                __IFG2 = 0x3
                0x0000000000000005                __ME2 = 0x5
                0x0000000000000120                __WDTCTL = 0x120
                0x0000000000000130                __MPY = 0x130
                0x0000000000000132                __MPYS = 0x132
                0x0000000000000134                __MAC = 0x134
                0x0000000000000136                __MACS = 0x136
                0x0000000000000138                __OP2 = 0x138
                0x000000000000013a                __RESLO = 0x13a
                0x000000000000013c                __RESHI = 0x13c
                0x000000000000013e                __SUMEXT = 0x13e
                0x0000000000000020                __P1IN = 0x20
                0x0000000000000021                __P1OUT = 0x21
                0x0000000000000022                __P1DIR = 0x22
                0x0000000000000023                __P1IFG = 0x23
                0x0000000000000024                __P1IES = 0x24
                0x0000000000000025                __P1IE = 0x25
                0x0000000000000026                __P1SEL = 0x26
                0x0000000000000028                __P2IN = 0x28
                0x0000000000000029                __P2OUT = 0x29
                0x000000000000002a                __P2DIR = 0x2a
                0x000000000000002b                __P2IFG = 0x2b
                0x000000000000002c                __P2IES = 0x2c
                0x000000000000002d                __P2IE = 0x2d
                0x000000000000002e                __P2SEL = 0x2e
                0x0000000000000018                __P3IN = 0x18
                0x0000000000000019                __P3OUT = 0x19
                0x000000000000001a                __P3DIR = 0x1a
                0x000000000000001b                __P3SEL = 0x1b
                0x000000000000001c                __P4IN = 0x1c
                0x000000000000001d                __P4OUT = 0x1d
                0x000000000000001e                __P4DIR = 0x1e
                0x000000000000001f                __P4SEL = 0x1f
                0x0000000000000030                __P5IN = 0x30
                0x0000000000000031                __P5OUT = 0x31
                0x0000000000000032                __P5DIR = 0x32
                0x0000000000000033                __P5SEL = 0x33
                0x0000000000000034                __P6IN = 0x34
                0x0000000000000035                __P6OUT = 0x35
                0x0000000000000036                __P6DIR = 0x36
                0x0000000000000037                __P6SEL = 0x37
                0x0000000000000070                __U0CTL = 0x70
                0x0000000000000071                __U0TCTL = 0x71
                0x0000000000000072                __U0RCTL = 0x72
                0x0000000000000073                __U0MCTL = 0x73
                0x0000000000000074                __U0BR0 = 0x74
                0x0000000000000075                __U0BR1 = 0x75
                0x0000000000000076                __U0RXBUF = 0x76
                0x0000000000000077                __U0TXBUF = 0x77
                0x0000000000000078                __U1CTL = 0x78
                0x0000000000000079                __U1TCTL = 0x79
                0x000000000000007a                __U1RCTL = 0x7a
                0x000000000000007b                __U1MCTL = 0x7b
                0x000000000000007c                __U1BR0 = 0x7c
                0x000000000000007d                __U1BR1 = 0x7d
                0x000000000000007e                __U1RXBUF = 0x7e
                0x000000000000007f                __U1TXBUF = 0x7f
                0x0000000000000050                __I2CIE = 0x50
                0x0000000000000051                __I2CIFG = 0x51
                0x0000000000000052                __I2CNDAT = 0x52
                0x0000000000000071                __I2CTCTL = 0x71
                0x0000000000000072                __I2CDCTL = 0x72
                0x0000000000000073                __I2CPSC = 0x73
                0x0000000000000074                __I2CSCLH = 0x74
                0x0000000000000075                __I2CSCLL = 0x75
                0x0000000000000076                __I2CDRB = 0x76
                0x0000000000000076                __I2CDRW = 0x76
                0x0000000000000118                __I2COA = 0x118
                0x000000000000011a                __I2CSA = 0x11a
                0x000000000000011c                __I2CIV = 0x11c
                0x000000000000012e                __TAIV = 0x12e
                0x0000000000000160                __TACTL = 0x160
                0x0000000000000162                __TACCTL0 = 0x162
                0x0000000000000164                __TACCTL1 = 0x164
                0x0000000000000166                __TACCTL2 = 0x166
                0x0000000000000170                __TAR = 0x170
                0x0000000000000172                __TACCR0 = 0x172
                0x0000000000000174                __TACCR1 = 0x174
                0x0000000000000176                __TACCR2 = 0x176
                0x000000000000011e                __TBIV = 0x11e
                0x0000000000000180                __TBCTL = 0x180
                0x0000000000000182                __TBCCTL0 = 0x182
                0x0000000000000184                __TBCCTL1 = 0x184
                0x0000000000000186                __TBCCTL2 = 0x186
                0x0000000000000188                __TBCCTL3 = 0x188
                0x000000000000018a                __TBCCTL4 = 0x18a
                0x000000000000018c                __TBCCTL5 = 0x18c
                0x000000000000018e                __TBCCTL6 = 0x18e
                0x0000000000000190                __TBR = 0x190
                0x0000000000000192                __TBCCR0 = 0x192
                0x0000000000000194                __TBCCR1 = 0x194
                0x0000000000000196                __TBCCR2 = 0x196
                0x0000000000000198                __TBCCR3 = 0x198
                0x000000000000019a                __TBCCR4 = 0x19a
                0x000000000000019c                __TBCCR5 = 0x19c
                0x000000000000019e                __TBCCR6 = 0x19e
                0x0000000000000056                __DCOCTL = 0x56
                0x0000000000000057                __BCSCTL1 = 0x57
                0x0000000000000058                __BCSCTL2 = 0x58
                0x0000000000000055                __SVSCTL = 0x55
                0x0000000000000128                __FCTL1 = 0x128
                0x000000000000012a                __FCTL2 = 0x12a
                0x000000000000012c                __FCTL3 = 0x12c
                0x0000000000000059                __CACTL1 = 0x59
                0x000000000000005a                __CACTL2 = 0x5a
                0x000000000000005b                __CAPD = 0x5b
                0x00000000000001a0                __ADC12CTL0 = 0x1a0
                0x00000000000001a2                __ADC12CTL1 = 0x1a2
                0x00000000000001a4                __ADC12IFG = 0x1a4
                0x00000000000001a6                __ADC12IE = 0x1a6
                0x00000000000001a8                __ADC12IV = 0x1a8
                0x0000000000000140                __ADC12MEM0 = 0x140
                0x0000000000000142                __ADC12MEM1 = 0x142
                0x0000000000000144                __ADC12MEM2 = 0x144
                0x0000000000000146                __ADC12MEM3 = 0x146
                0x0000000000000148                __ADC12MEM4 = 0x148
                0x000000000000014a                __ADC12MEM5 = 0x14a
                0x000000000000014c                __ADC12MEM6 = 0x14c
                0x000000000000014e                __ADC12MEM7 = 0x14e
                0x0000000000000150                __ADC12MEM8 = 0x150
                0x0000000000000152                __ADC12MEM9 = 0x152
                0x0000000000000154                __ADC12MEM10 = 0x154
                0x0000000000000156                __ADC12MEM11 = 0x156
                0x0000000000000158                __ADC12MEM12 = 0x158
                0x000000000000015a                __ADC12MEM13 = 0x15a
                0x000000000000015c                __ADC12MEM14 = 0x15c
                0x000000000000015e                __ADC12MEM15 = 0x15e
                0x0000000000000080                __ADC12MCTL0 = 0x80
                0x0000000000000081                __ADC12MCTL1 = 0x81
                0x0000000000000082                __ADC12MCTL2 = 0x82
                0x0000000000000083                __ADC12MCTL3 = 0x83
                0x0000000000000084                __ADC12MCTL4 = 0x84
                0x0000000000000085                __ADC12MCTL5 = 0x85
                0x0000000000000086                __ADC12MCTL6 = 0x86
                0x0000000000000087                __ADC12MCTL7 = 0x87
                0x0000000000000088                __ADC12MCTL8 = 0x88
                0x0000000000000089                __ADC12MCTL9 = 0x89
                0x000000000000008a                __ADC12MCTL10 = 0x8a
                0x000000000000008b                __ADC12MCTL11 = 0x8b
                0x000000000000008c                __ADC12MCTL12 = 0x8c
                0x000000000000008d                __ADC12MCTL13 = 0x8d
                0x000000000000008e                __ADC12MCTL14 = 0x8e
                0x000000000000008f                __ADC12MCTL15 = 0x8f
                0x00000000000001c0                __DAC12_0CTL = 0x1c0
                0x00000000000001c2                __DAC12_1CTL = 0x1c2
                0x00000000000001c8                __DAC12_0DAT = 0x1c8
                0x00000000000001ca                __DAC12_1DAT = 0x1ca
                0x0000000000000122                __DMACTL0 = 0x122
                0x0000000000000124                __DMACTL1 = 0x124
                0x00000000000001e0                __DMA0CTL = 0x1e0
                0x00000000000001e8                __DMA1CTL = 0x1e8
                0x00000000000001f0                __DMA2CTL = 0x1f0
                0x00000000000001e2                __DMA0SA = 0x1e2
                0x00000000000001e4                __DMA0DA = 0x1e4
                0x00000000000001e6                __DMA0SZ = 0x1e6
                0x00000000000001ea                __DMA1SA = 0x1ea
                0x00000000000001ec                __DMA1DA = 0x1ec
                0x00000000000001ee                __DMA1SZ = 0x1ee
                0x00000000000001f2                __DMA2SA = 0x1f2
                0x00000000000001f4                __DMA2DA = 0x1f4
                0x00000000000001f6                __DMA2SZ = 0x1f6

.hash
 *(.hash)

.dynsym
 *(.dynsym)

.dynstr
 *(.dynstr)

.gnu.version
 *(.gnu.version)

.gnu.version_d
 *(.gnu.version_d)

.gnu.version_r
 *(.gnu.version_r)

.rel.init
 *(.rel.init)

.rela.init
 *(.rela.init)

.rel.fini
 *(.rel.fini)

.rela.fini
 *(.rela.fini)

.rel.text
 *(.rel.text .rel.text.* .rel.gnu.linkonce.t.*)

.rela.text
 *(.rela.text .rela.text.* .rela.gnu.linkonce.t.*)

.rel.rodata
 *(.rel.rodata .rel.rodata.* .rel.gnu.linkonce.r.*)

.rela.rodata
 *(.rela.rodata .rela.rodata.* .rela.gnu.linkonce.r.*)

.rel.data
 *(.rel.data .rel.data.* .rel.gnu.linkonce.d.*)

.rela.data
 *(.rela.data .rela.data.* .rela.gnu.linkonce.d.*)

.rel.bss
 *(.rel.bss .rel.bss.* .rel.gnu.linkonce.b.*)

.rela.bss
 *(.rela.bss .rela.bss.* .rela.gnu.linkonce.b.*)

.rel.ctors
 *(.rel.ctors)

.rela.ctors
 *(.rela.ctors)

.rel.dtors
 *(.rel.dtors)

.rela.dtors
 *(.rela.dtors)

.rel.got
 *(.rel.got)

.rela.got
 *(.rela.got)

.rel.plt
 *(.rel.plt)

.rela.plt
 *(.rela.plt)

.text           0x0000000000004000     0xb672
                0x0000000000004000                . = ALIGN (0x2)
 *(.init .init.*)
 *(.init0)
 .init0         0x0000000000004000        0x0 /opt/compilers/mspgcc-4.7.3/bin/../lib/gcc/msp430/4.7.3/mmpy-16/libcrt0.a(_reset_vector__.o)
                0x0000000000004000                _reset_vector__
 *(.init1)
 .init1         0x0000000000004000        0xc /opt/compilers/mspgcc-4.7.3/bin/../lib/gcc/msp430/4.7.3/mmpy-16/libcrt0.a(__watchdog_support.o)
                0x0000000000004000                __watchdog_support
 *(.init2)
 .init2         0x000000000000400c        0x4 /opt/compilers/mspgcc-4.7.3/bin/../lib/gcc/msp430/4.7.3/mmpy-16/libcrt0.a(__init_stack.o)
                0x000000000000400c                __init_stack
 *(.init3)
 .init3         0x0000000000004010        0x0 /opt/compilers/mspgcc-4.7.3/bin/../lib/gcc/msp430/4.7.3/mmpy-16/libcrt0.a(__low_level_init.o)
                0x0000000000004010                __low_level_init
 *(.init4)
 .init4         0x0000000000004010       0x18 /opt/compilers/mspgcc-4.7.3/bin/../lib/gcc/msp430/4.7.3/mmpy-16/libcrt0.a(_copy_data.o)
                0x0000000000004010                __do_copy_data
 .init4         0x0000000000004028       0x16 /opt/compilers/mspgcc-4.7.3/bin/../lib/gcc/msp430/4.7.3/mmpy-16/libcrt0.a(_clear_bss.o)
                0x0000000000004028                __do_clear_bss
 *(.init5)
 *(.init6)
 *(.init7)
 *(.init8)
 *(.init9)
 .init9         0x000000000000403e      0x33e obj_sky/contiki-sky-main.o
                0x000000000000403e                main
 *(.fini9)
 .fini9         0x000000000000437c        0x0 /opt/compilers/mspgcc-4.7.3/bin/../lib/gcc/msp430/4.7.3/mmpy-16/libcrt0.a(__stop_progExec__.o)
                0x000000000000437c                __stop_progExec__
 *(.fini8)
 *(.fini7)
 *(.fini6)
 *(.fini5)
 *(.fini4)
 *(.fini3)
 *(.fini2)
 *(.fini1)
 *(.fini0)
 .fini0         0x000000000000437c        0x6 /opt/compilers/mspgcc-4.7.3/bin/../lib/gcc/msp430/4.7.3/mmpy-16/libcrt0.a(_endless_loop__.o)
                0x000000000000437c                _endless_loop__
 *(.fini .fini.*)
                0x0000000000004382                . = ALIGN (0x2)
                0x0000000000004382                __ctors_start = .
 *(.ctors)
                0x0000000000004382                __ctors_end = .
                0x0000000000004382                __dtors_start = .
 *(.dtors)
                0x0000000000004382                __dtors_end = .
                0x0000000000004382                . = ALIGN (0x2)
 *(.text .text.* .gnu.linkonce.t.*)
 .text          0x0000000000004382        0x4 /opt/compilers/mspgcc-4.7.3/bin/../lib/gcc/msp430/4.7.3/mmpy-16/crt0ivtbl16.o
                0x0000000000004382                __isr_14
                0x0000000000004382                __isr_11
                0x0000000000004382                __isr_2
                0x0000000000004382                __isr_7
                0x0000000000004382                __isr_0
                0x0000000000004382                __isr_8
                0x0000000000004382                __isr_3
                0x0000000000004382                __isr_12
                0x0000000000004382                __isr_13
                0x0000000000004382                __isr_9
 .text.mypowertrace_print
                0x0000000000004386      0x1f0 udp-client-relay.co
                0x0000000000004386                mypowertrace_print
 .text.process_thread_udp_client_process
                0x0000000000004576      0x1b4 udp-client-relay.co
 .text.init_platform
                0x000000000000472a        0xc contiki-sky.a(contiki-sky-pla)
                0x000000000000472a                init_platform
 .text.status   0x0000000000004736       0x18 contiki-sky.a(button-sensor.o)
 .text.value    0x000000000000474e       0x20 contiki-sky.a(button-sensor.o)
 .text.configure
                0x000000000000476e       0x4c contiki-sky.a(button-sensor.o)
 .text.irq_p2   0x00000000000047ba       0x88 contiki-sky.a(button-sensor.o)
                0x00000000000047ba                irq_p2
                0x00000000000047ba                __isr_1
 .text.owreadb  0x0000000000004842       0x50 contiki-sky.a(ds2411.o)
 .text.ds2411_init
                0x0000000000004892      0x120 contiki-sky.a(ds2411.o)
                0x0000000000004892                ds2411_init
 .text.wait_ready
                0x00000000000049b2       0x4a contiki-sky.a(xmem.o)
 .text.xmem_init
                0x00000000000049fc       0x3c contiki-sky.a(xmem.o)
                0x00000000000049fc                xmem_init
 .text.xmem_pread
                0x0000000000004a38       0xda contiki-sky.a(xmem.o)
                0x0000000000004a38                xmem_pread
 .text.node_id_restore
                0x0000000000004b12       0x38 contiki-sky.a(node-id.o)
                0x0000000000004b12                node_id_restore
 .text.process_thread_sensors_process
                0x0000000000004b4a       0xc2 contiki-sky.a(sensors.o)
 .text.sensors_changed
                0x0000000000004c0c       0x2a contiki-sky.a(sensors.o)
                0x0000000000004c0c                sensors_changed
 .text.get_object
                0x0000000000004c36        0x4 contiki-sky.a(cc2420.o)
 .text.set_object
                0x0000000000004c3a        0x4 contiki-sky.a(cc2420.o)
 .text.strobe   0x0000000000004c3e       0x1c contiki-sky.a(cc2420.o)
 .text.getreg   0x0000000000004c5a       0x4c contiki-sky.a(cc2420.o)
 .text.setreg   0x0000000000004ca6       0x4c contiki-sky.a(cc2420.o)
 .text.write_ram
                0x0000000000004cf2       0x7c contiki-sky.a(cc2420.o)
 .text.write_fifo_buf
                0x0000000000004d6e       0x3c contiki-sky.a(cc2420.o)
 .text.get_status
                0x0000000000004daa       0x20 contiki-sky.a(cc2420.o)
 .text.set_txpower
                0x0000000000004dca       0x24 contiki-sky.a(cc2420.o)
 .text.cc2420_receiving_packet
                0x0000000000004dee        0xc contiki-sky.a(cc2420.o)
 .text.pending_packet
                0x0000000000004dfa        0x8 contiki-sky.a(cc2420.o)
 .text.on       0x0000000000004e02       0x26 contiki-sky.a(cc2420.o)
 .text.wait_for_transmission
                0x0000000000004e28       0x22 contiki-sky.a(cc2420.o)
 .text.wait_for_status
                0x0000000000004e4a       0x28 contiki-sky.a(cc2420.o)
 .text.getrxdata
                0x0000000000004e72       0x50 contiki-sky.a(cc2420.o)
 .text.flushrx  0x0000000000004ec2       0x1a contiki-sky.a(cc2420.o)
 .text.off      0x0000000000004edc       0x5e contiki-sky.a(cc2420.o)
 .text.RELEASE_LOCK
                0x0000000000004f3a       0x28 contiki-sky.a(cc2420.o)
 .text.set_key  0x0000000000004f62       0x18 contiki-sky.a(cc2420.o)
 .text.set_frame_filtering
                0x0000000000004f7a       0x30 contiki-sky.a(cc2420.o)
 .text.set_auto_ack
                0x0000000000004faa       0x30 contiki-sky.a(cc2420.o)
 .text.set_poll_mode
                0x0000000000004fda       0x2c contiki-sky.a(cc2420.o)
 .text.cc2420_prepare
                0x0000000000005006       0x3c contiki-sky.a(cc2420.o)
 .text.cc2420_on
                0x0000000000005042       0x22 contiki-sky.a(cc2420.o)
                0x0000000000005042                cc2420_on
 .text.cc2420_off
                0x0000000000005064       0x30 contiki-sky.a(cc2420.o)
                0x0000000000005064                cc2420_off
 .text.cc2420_cca
                0x0000000000005094       0x68 contiki-sky.a(cc2420.o)
 .text.cc2420_read
                0x00000000000050fc       0xbc contiki-sky.a(cc2420.o)
 .text.process_thread_cc2420_process
                0x00000000000051b8       0x5c contiki-sky.a(cc2420.o)
 .text.encrypt  0x0000000000005214       0x88 contiki-sky.a(cc2420.o)
 .text.cc2420_set_channel
                0x000000000000529c       0x3c contiki-sky.a(cc2420.o)
                0x000000000000529c                cc2420_set_channel
 .text.cc2420_set_pan_addr
                0x00000000000052d8       0x4c contiki-sky.a(cc2420.o)
                0x00000000000052d8                cc2420_set_pan_addr
 .text.cc2420_interrupt
                0x0000000000005324       0x16 contiki-sky.a(cc2420.o)
                0x0000000000005324                cc2420_interrupt
 .text.cc2420_set_txpower
                0x000000000000533a        0xe contiki-sky.a(cc2420.o)
                0x000000000000533a                cc2420_set_txpower
 .text.cc2420_get_txpower
                0x0000000000005348       0x1e contiki-sky.a(cc2420.o)
                0x0000000000005348                cc2420_get_txpower
 .text.cc2420_transmit
                0x0000000000005366      0x116 contiki-sky.a(cc2420.o)
 .text.cc2420_send
                0x000000000000547c       0x12 contiki-sky.a(cc2420.o)
 .text.cc2420_rssi
                0x000000000000548e       0x4c contiki-sky.a(cc2420.o)
                0x000000000000548e                cc2420_rssi
 .text.get_value
                0x00000000000054da      0x104 contiki-sky.a(cc2420.o)
 .text.cc2420_set_cca_threshold
                0x00000000000055de       0x16 contiki-sky.a(cc2420.o)
                0x00000000000055de                cc2420_set_cca_threshold
 .text.set_value
                0x00000000000055f4       0xb8 contiki-sky.a(cc2420.o)
 .text.cc2420_init
                0x00000000000056ac       0xea contiki-sky.a(cc2420.o)
                0x00000000000056ac                cc2420_init
 .text.cc2420_port1_interrupt
                0x0000000000005796       0x62 contiki-sky.a(cc2420-arch.o)
                0x0000000000005796                __isr_4
                0x0000000000005796                cc2420_port1_interrupt
 .text.cc2420_arch_init
                0x00000000000057f8       0x1a contiki-sky.a(cc2420-arch.o)
                0x00000000000057f8                cc2420_arch_init
 .text.uart1_active
                0x0000000000005812       0x18 contiki-sky.a(uart1.o)
                0x0000000000005812                uart1_active
 .text.uart1_writeb
                0x000000000000582a       0x18 contiki-sky.a(uart1.o)
                0x000000000000582a                uart1_writeb
 .text.uart1_init
                0x0000000000005842       0xf4 contiki-sky.a(uart1.o)
                0x0000000000005842                uart1_init
 .text.putchar  0x0000000000005936       0x10 contiki-sky.a(uart1-putchar.o)
                0x0000000000005936                putchar
 .text.msp430_init_dco
                0x0000000000005946       0x82 contiki-sky.a(msp430.o)
                0x0000000000005946                msp430_init_dco
 .text.msp430_add_lpm_req
                0x00000000000059c8        0xc contiki-sky.a(msp430.o)
                0x00000000000059c8                msp430_add_lpm_req
 .text.msp430_cpu_init
                0x00000000000059d4       0x2a contiki-sky.a(msp430.o)
                0x00000000000059d4                msp430_cpu_init
 .text.splhigh_
                0x00000000000059fe        0x8 contiki-sky.a(msp430.o)
                0x00000000000059fe                splhigh_
 .text.msp430_sync_dco
                0x0000000000005a06       0x6c contiki-sky.a(msp430.o)
                0x0000000000005a06                msp430_sync_dco
 .text.timera1  0x0000000000005a72      0x11e contiki-sky.a(clock.o)
                0x0000000000005a72                __isr_5
                0x0000000000005a72                timera1
 .text.clock_time
                0x0000000000005b90       0x1a contiki-sky.a(clock.o)
                0x0000000000005b90                clock_time
 .text.clock_init
                0x0000000000005baa       0x28 contiki-sky.a(clock.o)
                0x0000000000005baa                clock_init
 .text.clock_delay
                0x0000000000005bd2        0xc contiki-sky.a(clock.o)
                0x0000000000005bd2                clock_delay
 .text.clock_seconds
                0x0000000000005bde       0x1a contiki-sky.a(clock.o)
                0x0000000000005bde                clock_seconds
 .text.show_leds
                0x0000000000005bf8       0xf0 contiki-sky.a(leds.o)
 .text.leds_init
                0x0000000000005ce8        0xa contiki-sky.a(leds.o)
                0x0000000000005ce8                leds_init
 .text.leds_on  0x0000000000005cf2        0xa contiki-sky.a(leds.o)
                0x0000000000005cf2                leds_on
 .text.leds_off
                0x0000000000005cfc        0xe contiki-sky.a(leds.o)
                0x0000000000005cfc                leds_off
 .text.leds_arch_init
                0x0000000000005d0a        0xe contiki-sky.a(leds-arch.o)
                0x0000000000005d0a                leds_arch_init
 .text.leds_arch_set
                0x0000000000005d18       0x38 contiki-sky.a(leds-arch.o)
                0x0000000000005d18                leds_arch_set
 .text.watchdog_interrupt
                0x0000000000005d50        0x6 contiki-sky.a(watchdog.o)
                0x0000000000005d50                __isr_10
                0x0000000000005d50                watchdog_interrupt
 .text.watchdog_start
                0x0000000000005d56       0x14 contiki-sky.a(watchdog.o)
                0x0000000000005d56                watchdog_start
 .text.watchdog_periodic
                0x0000000000005d6a       0x12 contiki-sky.a(watchdog.o)
                0x0000000000005d6a                watchdog_periodic
 .text.watchdog_stop
                0x0000000000005d7c       0x16 contiki-sky.a(watchdog.o)
                0x0000000000005d7c                watchdog_stop
 .text.watchdog_init
                0x0000000000005d92       0x12 contiki-sky.a(watchdog.o)
                0x0000000000005d92                watchdog_init
 .text.rtimer_arch_init
                0x0000000000005da4        0xe contiki-sky.a(rtimer-arch.o)
                0x0000000000005da4                rtimer_arch_init
 .text.rtimer_arch_now
                0x0000000000005db2        0xe contiki-sky.a(rtimer-arch.o)
                0x0000000000005db2                rtimer_arch_now
 .text.timera0  0x0000000000005dc0       0x70 contiki-sky.a(rtimer-arch.o)
                0x0000000000005dc0                __isr_6
                0x0000000000005dc0                timera0
 .text.rtimer_arch_schedule
                0x0000000000005e30        0x6 contiki-sky.a(rtimer-arch.o)
                0x0000000000005e30                rtimer_arch_schedule
 .text.autostart_start
                0x0000000000005e36       0x16 contiki-sky.a(autostart.o)
                0x0000000000005e36                autostart_start
 .text.compower_accumulate
                0x0000000000005e4c       0x72 contiki-sky.a(compower.o)
                0x0000000000005e4c                compower_accumulate
 .text.compower_clear
                0x0000000000005ebe       0x12 contiki-sky.a(compower.o)
                0x0000000000005ebe                compower_clear
 .text.compower_attrconv
                0x0000000000005ed0       0x10 contiki-sky.a(compower.o)
                0x0000000000005ed0                compower_attrconv
 .text.process_thread_ctimer_process
                0x0000000000005ee0       0xa8 contiki-sky.a(ctimer.o)
 .text.ctimer_init
                0x0000000000005f88       0x18 contiki-sky.a(ctimer.o)
                0x0000000000005f88                ctimer_init
 .text.ctimer_set_with_process
                0x0000000000005fa0       0x4e contiki-sky.a(ctimer.o)
                0x0000000000005fa0                ctimer_set_with_process
 .text.ctimer_set
                0x0000000000005fee       0x10 contiki-sky.a(ctimer.o)
                0x0000000000005fee                ctimer_set
 .text.ctimer_reset
                0x0000000000005ffe       0x30 contiki-sky.a(ctimer.o)
                0x0000000000005ffe                ctimer_reset
 .text.ctimer_restart
                0x000000000000602e       0x30 contiki-sky.a(ctimer.o)
                0x000000000000602e                ctimer_restart
 .text.ctimer_stop
                0x000000000000605e       0x28 contiki-sky.a(ctimer.o)
                0x000000000000605e                ctimer_stop
 .text.energest_init
                0x0000000000006086       0x26 contiki-sky.a(energest.o)
                0x0000000000006086                energest_init
 .text.energest_type_time
                0x00000000000060ac       0x48 contiki-sky.a(energest.o)
                0x00000000000060ac                energest_type_time
 .text.energest_type_set
                0x00000000000060f4        0xe contiki-sky.a(energest.o)
                0x00000000000060f4                energest_type_set
 .text.energest_flush
                0x0000000000006102       0x48 contiki-sky.a(energest.o)
                0x0000000000006102                energest_flush
 .text.update_time
                0x000000000000614a       0x78 contiki-sky.a(etimer.o)
 .text.etimer_request_poll
                0x00000000000061c2        0xa contiki-sky.a(etimer.o)
                0x00000000000061c2                etimer_request_poll
 .text.process_thread_etimer_process
                0x00000000000061cc       0xcc contiki-sky.a(etimer.o)
 .text.add_timer
                0x0000000000006298       0x40 contiki-sky.a(etimer.o)
 .text.etimer_set
                0x00000000000062d8       0x12 contiki-sky.a(etimer.o)
                0x00000000000062d8                etimer_set
 .text.etimer_reset
                0x00000000000062ea       0x12 contiki-sky.a(etimer.o)
                0x00000000000062ea                etimer_reset
 .text.etimer_restart
                0x00000000000062fc       0x12 contiki-sky.a(etimer.o)
                0x00000000000062fc                etimer_restart
 .text.etimer_expired
                0x000000000000630e        0xe contiki-sky.a(etimer.o)
                0x000000000000630e                etimer_expired
 .text.etimer_expiration_time
                0x000000000000631c       0x14 contiki-sky.a(etimer.o)
                0x000000000000631c                etimer_expiration_time
 .text.etimer_pending
                0x0000000000006330        0xc contiki-sky.a(etimer.o)
                0x0000000000006330                etimer_pending
 .text.etimer_next_expiration_time
                0x000000000000633c       0x16 contiki-sky.a(etimer.o)
                0x000000000000633c                etimer_next_expiration_time
 .text.etimer_stop
                0x0000000000006352       0x3e contiki-sky.a(etimer.o)
                0x0000000000006352                etimer_stop
 .text.call_process
                0x0000000000006390       0x46 contiki-sky.a(process.o)
 .text.exit_process
                0x00000000000063d6       0x96 contiki-sky.a(process.o)
 .text.do_poll  0x000000000000646c       0x30 contiki-sky.a(process.o)
 .text.process_alloc_event
                0x000000000000649c        0xe contiki-sky.a(process.o)
                0x000000000000649c                process_alloc_event
 .text.process_init
                0x00000000000064aa       0x1c contiki-sky.a(process.o)
                0x00000000000064aa                process_init
 .text.process_run
                0x00000000000064c6       0x92 contiki-sky.a(process.o)
                0x00000000000064c6                process_run
 .text.process_nevents
                0x0000000000006558        0xe contiki-sky.a(process.o)
                0x0000000000006558                process_nevents
 .text.process_post
                0x0000000000006566       0x4e contiki-sky.a(process.o)
                0x0000000000006566                process_post
 .text.process_post_synch
                0x00000000000065b4       0x12 contiki-sky.a(process.o)
                0x00000000000065b4                process_post_synch
 .text.process_start
                0x00000000000065c6       0x36 contiki-sky.a(process.o)
                0x00000000000065c6                process_start
 .text.process_poll
                0x00000000000065fc       0x18 contiki-sky.a(process.o)
                0x00000000000065fc                process_poll
 .text.rtimer_init
                0x0000000000006614        0x6 contiki-sky.a(rtimer.o)
                0x0000000000006614                rtimer_init
 .text.rtimer_set
                0x000000000000661a       0x24 contiki-sky.a(rtimer.o)
                0x000000000000661a                rtimer_set
 .text.rtimer_run_next
                0x000000000000663e       0x26 contiki-sky.a(rtimer.o)
                0x000000000000663e                rtimer_run_next
 .text.timer_set
                0x0000000000006664       0x1c contiki-sky.a(timer.o)
                0x0000000000006664                timer_set
 .text.timer_reset
                0x0000000000006680        0xe contiki-sky.a(timer.o)
                0x0000000000006680                timer_reset
 .text.timer_restart
                0x000000000000668e       0x14 contiki-sky.a(timer.o)
                0x000000000000668e                timer_restart
 .text.timer_expired
                0x00000000000066a2       0x2a contiki-sky.a(timer.o)
                0x00000000000066a2                timer_expired
 .text.list_init
                0x00000000000066cc        0x6 contiki-sky.a(list.o)
                0x00000000000066cc                list_init
 .text.list_head
                0x00000000000066d2        0x4 contiki-sky.a(list.o)
                0x00000000000066d2                list_head
 .text.list_tail
                0x00000000000066d6       0x12 contiki-sky.a(list.o)
                0x00000000000066d6                list_tail
 .text.list_remove
                0x00000000000066e8       0x34 contiki-sky.a(list.o)
                0x00000000000066e8                list_remove
 .text.list_push
                0x000000000000671c       0x1a contiki-sky.a(list.o)
                0x000000000000671c                list_push
 .text.list_add
                0x0000000000006736       0x2a contiki-sky.a(list.o)
                0x0000000000006736                list_add
 .text.list_length
                0x0000000000006760       0x10 contiki-sky.a(list.o)
                0x0000000000006760                list_length
 .text.list_item_next
                0x0000000000006770        0xc contiki-sky.a(list.o)
                0x0000000000006770                list_item_next
 .text.random_init
                0x000000000000677c        0x6 contiki-sky.a(random.o)
                0x000000000000677c                random_init
 .text.random_rand
                0x0000000000006782        0x6 contiki-sky.a(random.o)
                0x0000000000006782                random_rand
 .text.clear_fragments
                0x0000000000006788       0x40 contiki-sky.a(sicslowpan.o)
 .text.set_packet_attrs
                0x00000000000067c8       0x46 contiki-sky.a(sicslowpan.o)
 .text.addr_context_lookup_by_number
                0x000000000000680e       0x32 contiki-sky.a(sicslowpan.o)
 .text.compress_addr_64
                0x0000000000006840       0xae contiki-sky.a(sicslowpan.o)
 .text.store_fragment
                0x00000000000068ee       0xc8 contiki-sky.a(sicslowpan.o)
 .text.uncompress_addr
                0x00000000000069b6       0xb4 contiki-sky.a(sicslowpan.o)
 .text.sicslowpan_init
                0x0000000000006a6a       0x24 contiki-sky.a(sicslowpan.o)
                0x0000000000006a6a                sicslowpan_init
 .text.addr_context_lookup_by_prefix
                0x0000000000006a8e       0x4c contiki-sky.a(sicslowpan.o)
 .text.packet_sent
                0x0000000000006ada       0x22 contiki-sky.a(sicslowpan.o)
 .text.add_fragment
                0x0000000000006afc      0x1ec contiki-sky.a(sicslowpan.o)
 .text.input    0x0000000000006ce8      0x6dc contiki-sky.a(sicslowpan.o)
 .text.send_packet
                0x00000000000073c4       0x1a contiki-sky.a(sicslowpan.o)
 .text.output   0x00000000000073de      0x6bc contiki-sky.a(sicslowpan.o)
 .text.chksum   0x0000000000007a9a       0x32 contiki-sky.a(uip6.o)
 .text.upper_layer_chksum
                0x0000000000007acc       0x56 contiki-sky.a(uip6.o)
 .text.ext_hdr_options_process
                0x0000000000007b22       0xd0 contiki-sky.a(uip6.o)
 .text.uip_add32
                0x0000000000007bf2       0x68 contiki-sky.a(uip6.o)
                0x0000000000007bf2                uip_add32
 .text.uip_add_rcv_nxt
                0x0000000000007c5a       0x2e contiki-sky.a(uip6.o)
 .text.uip_icmp6chksum
                0x0000000000007c88        0xa contiki-sky.a(uip6.o)
                0x0000000000007c88                uip_icmp6chksum
 .text.uip_tcpchksum
                0x0000000000007c92        0xa contiki-sky.a(uip6.o)
                0x0000000000007c92                uip_tcpchksum
 .text.uip_udpchksum
                0x0000000000007c9c        0xa contiki-sky.a(uip6.o)
                0x0000000000007c9c                uip_udpchksum
 .text.uip_init
                0x0000000000007ca6       0x56 contiki-sky.a(uip6.o)
                0x0000000000007ca6                uip_init
 .text.remove_ext_hdr
                0x0000000000007cfc       0x54 contiki-sky.a(uip6.o)
                0x0000000000007cfc                remove_ext_hdr
 .text.uip_udp_new
                0x0000000000007d50       0xae contiki-sky.a(uip6.o)
                0x0000000000007d50                uip_udp_new
 .text.uip_unlisten
                0x0000000000007dfe       0x1a contiki-sky.a(uip6.o)
                0x0000000000007dfe                uip_unlisten
 .text.uip_process
                0x0000000000007e18      0xe08 contiki-sky.a(uip6.o)
                0x0000000000007e18                uip_process
 .text.uip_htonl
                0x0000000000008c20       0x2e contiki-sky.a(uip6.o)
                0x0000000000008c20                uip_htonl
 .text.uip_ds6_list_loop
                0x0000000000008c4e       0x86 contiki-sky.a(uip-ds6.o)
                0x0000000000008c4e                uip_ds6_list_loop
 .text.uip_ds6_prefix_add
                0x0000000000008cd4       0x80 contiki-sky.a(uip-ds6.o)
                0x0000000000008cd4                uip_ds6_prefix_add
 .text.uip_ds6_is_addr_onlink
                0x0000000000008d54       0x54 contiki-sky.a(uip-ds6.o)
                0x0000000000008d54                uip_ds6_is_addr_onlink
 .text.uip_ds6_addr_lookup
                0x0000000000008da8       0x2a contiki-sky.a(uip-ds6.o)
                0x0000000000008da8                uip_ds6_addr_lookup
 .text.uip_ds6_get_link_local
                0x0000000000008dd2       0x3e contiki-sky.a(uip-ds6.o)
                0x0000000000008dd2                uip_ds6_get_link_local
 .text.uip_ds6_maddr_add
                0x0000000000008e10       0x4c contiki-sky.a(uip-ds6.o)
                0x0000000000008e10                uip_ds6_maddr_add
 .text.uip_ds6_addr_add
                0x0000000000008e5c       0xc4 contiki-sky.a(uip-ds6.o)
                0x0000000000008e5c                uip_ds6_addr_add
 .text.uip_ds6_maddr_rm
                0x0000000000008f20        0xa contiki-sky.a(uip-ds6.o)
                0x0000000000008f20                uip_ds6_maddr_rm
 .text.uip_ds6_maddr_lookup
                0x0000000000008f2a       0x2a contiki-sky.a(uip-ds6.o)
                0x0000000000008f2a                uip_ds6_maddr_lookup
 .text.uip_ds6_addr_rm
                0x0000000000008f54       0x54 contiki-sky.a(uip-ds6.o)
                0x0000000000008f54                uip_ds6_addr_rm
 .text.uip_ds6_periodic
                0x0000000000008fa8       0x46 contiki-sky.a(uip-ds6.o)
                0x0000000000008fa8                uip_ds6_periodic
 .text.uip_ds6_set_addr_iid
                0x0000000000008fee       0x14 contiki-sky.a(uip-ds6.o)
                0x0000000000008fee                uip_ds6_set_addr_iid
 .text.get_match_length
                0x0000000000009002       0x44 contiki-sky.a(uip-ds6.o)
                0x0000000000009002                get_match_length
 .text.uip_ds6_select_src
                0x0000000000009046       0xaa contiki-sky.a(uip-ds6.o)
                0x0000000000009046                uip_ds6_select_src
 .text.uip_ds6_compute_reachable_time
                0x00000000000090f0       0x3e contiki-sky.a(uip-ds6.o)
                0x00000000000090f0                uip_ds6_compute_reachable_time
 .text.uip_ds6_init
                0x000000000000912e      0x154 contiki-sky.a(uip-ds6.o)
                0x000000000000912e                uip_ds6_init
 .text.uip_ds6_nbr_rm
                0x0000000000009282       0x1e contiki-sky.a(uip-ds6-nbr.o)
                0x0000000000009282                uip_ds6_nbr_rm
 .text.uip_ds6_neighbors_init
                0x00000000000092a0       0x12 contiki-sky.a(uip-ds6-nbr.o)
                0x00000000000092a0                uip_ds6_neighbors_init
 .text.uip_ds6_nbr_add
                0x00000000000092b2       0x3e contiki-sky.a(uip-ds6-nbr.o)
                0x00000000000092b2                uip_ds6_nbr_add
 .text.uip_ds6_nbr_get_ll
                0x00000000000092f0        0xc contiki-sky.a(uip-ds6-nbr.o)
                0x00000000000092f0                uip_ds6_nbr_get_ll
 .text.uip_ds6_nbr_lookup
                0x00000000000092fc       0x42 contiki-sky.a(uip-ds6-nbr.o)
                0x00000000000092fc                uip_ds6_nbr_lookup
 .text.uip_ds6_nbr_ll_lookup
                0x000000000000933e        0xc contiki-sky.a(uip-ds6-nbr.o)
                0x000000000000933e                uip_ds6_nbr_ll_lookup
 .text.uip_ds6_nbr_ipaddr_from_lladdr
                0x000000000000934a        0x6 contiki-sky.a(uip-ds6-nbr.o)
                0x000000000000934a                uip_ds6_nbr_ipaddr_from_lladdr
 .text.uip_ds6_nbr_lladdr_from_ipaddr
                0x0000000000009350       0x12 contiki-sky.a(uip-ds6-nbr.o)
                0x0000000000009350                uip_ds6_nbr_lladdr_from_ipaddr
 .text.uip_ds6_link_neighbor_callback
                0x0000000000009362       0x36 contiki-sky.a(uip-ds6-nbr.o)
                0x0000000000009362                uip_ds6_link_neighbor_callback
 .text.call_route_callback
                0x0000000000009398       0x4c contiki-sky.a(uip-ds6-route.o)
 .text.uip_ds6_route_init
                0x00000000000093e4       0x36 contiki-sky.a(uip-ds6-route.o)
                0x00000000000093e4                uip_ds6_route_init
 .text.uip_ds6_route_nexthop
                0x000000000000941a       0x1a contiki-sky.a(uip-ds6-route.o)
                0x000000000000941a                uip_ds6_route_nexthop
 .text.uip_ds6_route_head
                0x0000000000009434        0xa contiki-sky.a(uip-ds6-route.o)
                0x0000000000009434                uip_ds6_route_head
 .text.uip_ds6_route_next
                0x000000000000943e        0xe contiki-sky.a(uip-ds6-route.o)
                0x000000000000943e                uip_ds6_route_next
 .text.uip_ds6_route_is_nexthop
                0x000000000000944c       0x22 contiki-sky.a(uip-ds6-route.o)
                0x000000000000944c                uip_ds6_route_is_nexthop
 .text.uip_ds6_route_lookup
                0x000000000000946e       0x8c contiki-sky.a(uip-ds6-route.o)
                0x000000000000946e                uip_ds6_route_lookup
 .text.uip_ds6_route_rm
                0x00000000000094fa       0xa6 contiki-sky.a(uip-ds6-route.o)
                0x00000000000094fa                uip_ds6_route_rm
 .text.rm_routelist
                0x00000000000095a0       0x34 contiki-sky.a(uip-ds6-route.o)
 .text.rm_routelist_callback
                0x00000000000095d4        0x6 contiki-sky.a(uip-ds6-route.o)
 .text.uip_ds6_route_add
                0x00000000000095da      0x110 contiki-sky.a(uip-ds6-route.o)
                0x00000000000095da                uip_ds6_route_add
 .text.uip_ds6_defrt_rm
                0x00000000000096ea       0x48 contiki-sky.a(uip-ds6-route.o)
                0x00000000000096ea                uip_ds6_defrt_rm
 .text.uip_ds6_defrt_lookup
                0x0000000000009732       0x36 contiki-sky.a(uip-ds6-route.o)
                0x0000000000009732                uip_ds6_defrt_lookup
 .text.uip_ds6_defrt_add
                0x0000000000009768       0x74 contiki-sky.a(uip-ds6-route.o)
                0x0000000000009768                uip_ds6_defrt_add
 .text.uip_ds6_defrt_choose
                0x00000000000097dc       0x3a contiki-sky.a(uip-ds6-route.o)
                0x00000000000097dc                uip_ds6_defrt_choose
 .text.uip_ds6_defrt_periodic
                0x0000000000009816       0x38 contiki-sky.a(uip-ds6-route.o)
                0x0000000000009816                uip_ds6_defrt_periodic
 .text.echo_reply_input
                0x000000000000984e       0xb2 contiki-sky.a(uip-icmp6.o)
 .text.echo_request_input
                0x0000000000009900       0xca contiki-sky.a(uip-icmp6.o)
 .text.uip_icmp6_input
                0x00000000000099ca       0x48 contiki-sky.a(uip-icmp6.o)
                0x00000000000099ca                uip_icmp6_input
 .text.uip_icmp6_register_input_handler
                0x0000000000009a12        0xc contiki-sky.a(uip-icmp6.o)
                0x0000000000009a12                uip_icmp6_register_input_handler
 .text.uip_icmp6_error_output
                0x0000000000009a1e      0x180 contiki-sky.a(uip-icmp6.o)
                0x0000000000009a1e                uip_icmp6_error_output
 .text.uip_icmp6_send
                0x0000000000009b9e       0x94 contiki-sky.a(uip-icmp6.o)
                0x0000000000009b9e                uip_icmp6_send
 .text.uip_icmp6_init
                0x0000000000009c32       0x12 contiki-sky.a(uip-icmp6.o)
                0x0000000000009c32                uip_icmp6_init
 .text.ns_input
                0x0000000000009c44      0x268 contiki-sky.a(uip-nd6.o)
 .text.uip_nd6_init
                0x0000000000009eac        0xa contiki-sky.a(uip-nd6.o)
                0x0000000000009eac                uip_nd6_init
 .text.start_periodic_tcp_timer
                0x0000000000009eb6       0x16 contiki-sky.a(tcpip.o)
 .text.tcpip_output
                0x0000000000009ecc       0x10 contiki-sky.a(tcpip.o)
                0x0000000000009ecc                tcpip_output
 .text.tcpip_set_outputfunc
                0x0000000000009edc        0x6 contiki-sky.a(tcpip.o)
                0x0000000000009edc                tcpip_set_outputfunc
 .text.udp_new  0x0000000000009ee2       0x1a contiki-sky.a(tcpip.o)
                0x0000000000009ee2                udp_new
 .text.tcpip_input
                0x0000000000009efc       0x16 contiki-sky.a(tcpip.o)
                0x0000000000009efc                tcpip_input
 .text.tcpip_ipv6_output
                0x0000000000009f12       0xcc contiki-sky.a(tcpip.o)
                0x0000000000009f12                tcpip_ipv6_output
 .text.process_thread_tcpip_process
                0x0000000000009fde      0x1bc contiki-sky.a(tcpip.o)
 .text.tcpip_uipcall
                0x000000000000a19a       0x62 contiki-sky.a(tcpip.o)
                0x000000000000a19a                tcpip_uipcall
 .text.uip_debug_ipaddr_print
                0x000000000000a1fc       0xc8 contiki-sky.a(uip-debug.o)
                0x000000000000a1fc                uip_debug_ipaddr_print
 .text.rpl_get_mode
                0x000000000000a2c4        0x6 contiki-sky.a(rpl.o)
                0x000000000000a2c4                rpl_get_mode
 .text.rpl_purge_routes
                0x000000000000a2ca       0x94 contiki-sky.a(rpl.o)
                0x000000000000a2ca                rpl_purge_routes
 .text.rpl_remove_routes
                0x000000000000a35e       0x22 contiki-sky.a(rpl.o)
                0x000000000000a35e                rpl_remove_routes
 .text.rpl_remove_routes_by_nexthop
                0x000000000000a380       0x46 contiki-sky.a(rpl.o)
                0x000000000000a380                rpl_remove_routes_by_nexthop
 .text.rpl_add_route
                0x000000000000a3c6       0x5c contiki-sky.a(rpl.o)
                0x000000000000a3c6                rpl_add_route
 .text.rpl_link_neighbor_callback
                0x000000000000a422       0x4c contiki-sky.a(rpl.o)
                0x000000000000a422                rpl_link_neighbor_callback
 .text.rpl_ipv6_neighbor_callback
                0x000000000000a46e       0x1e contiki-sky.a(rpl.o)
                0x000000000000a46e                rpl_ipv6_neighbor_callback
 .text.rpl_purge_dags
                0x000000000000a48c       0x70 contiki-sky.a(rpl.o)
                0x000000000000a48c                rpl_purge_dags
 .text.rpl_init
                0x000000000000a4fc       0x44 contiki-sky.a(rpl.o)
                0x000000000000a4fc                rpl_init
 .text.lollipop_greater_than
                0x000000000000a540       0x3c contiki-sky.a(rpl-dag.o)
 .text.find_parent_any_dag_any_instance
                0x000000000000a57c       0x14 contiki-sky.a(rpl-dag.o)
 .text.rpl_set_preferred_parent
                0x000000000000a590       0x30 contiki-sky.a(rpl-dag.o)
 .text.set_ip_from_prefix
                0x000000000000a5c0       0x38 contiki-sky.a(rpl-dag.o)
 .text.check_prefix
                0x000000000000a5f8       0x80 contiki-sky.a(rpl-dag.o)
 .text.rpl_dag_init
                0x000000000000a678        0xe contiki-sky.a(rpl-dag.o)
                0x000000000000a678                rpl_dag_init
 .text.rpl_get_parent
                0x000000000000a686        0xc contiki-sky.a(rpl-dag.o)
                0x000000000000a686                rpl_get_parent
 .text.rpl_rank_via_parent
                0x000000000000a692       0x2a contiki-sky.a(rpl-dag.o)
                0x000000000000a692                rpl_rank_via_parent
 .text.rpl_get_parent_lladdr
                0x000000000000a6bc        0xc contiki-sky.a(rpl-dag.o)
                0x000000000000a6bc                rpl_get_parent_lladdr
 .text.rpl_get_parent_ipaddr
                0x000000000000a6c8        0xa contiki-sky.a(rpl-dag.o)
                0x000000000000a6c8                rpl_get_parent_ipaddr
 .text.rpl_get_parent_link_stats
                0x000000000000a6d2        0xa contiki-sky.a(rpl-dag.o)
                0x000000000000a6d2                rpl_get_parent_link_stats
 .text.rpl_parent_is_fresh
                0x000000000000a6dc        0xa contiki-sky.a(rpl-dag.o)
                0x000000000000a6dc                rpl_parent_is_fresh
 .text.best_parent
                0x000000000000a6e6       0x82 contiki-sky.a(rpl-dag.o)
 .text.rpl_parent_is_reachable
                0x000000000000a768       0x4a contiki-sky.a(rpl-dag.o)
                0x000000000000a768                rpl_parent_is_reachable
 .text.rpl_set_prefix
                0x000000000000a7b2       0x8e contiki-sky.a(rpl-dag.o)
                0x000000000000a7b2                rpl_set_prefix
 .text.rpl_set_default_route
                0x000000000000a840       0x3e contiki-sky.a(rpl-dag.o)
                0x000000000000a840                rpl_set_default_route
 .text.rpl_alloc_instance
                0x000000000000a87e       0x34 contiki-sky.a(rpl-dag.o)
                0x000000000000a87e                rpl_alloc_instance
 .text.rpl_add_parent
                0x000000000000a8b2       0x3e contiki-sky.a(rpl-dag.o)
                0x000000000000a8b2                rpl_add_parent
 .text.rpl_find_parent
                0x000000000000a8f0       0x1a contiki-sky.a(rpl-dag.o)
                0x000000000000a8f0                rpl_find_parent
 .text.rpl_find_parent_any_dag
                0x000000000000a90a       0x22 contiki-sky.a(rpl-dag.o)
                0x000000000000a90a                rpl_find_parent_any_dag
 .text.rpl_select_parent
                0x000000000000a92c       0x66 contiki-sky.a(rpl-dag.o)
                0x000000000000a92c                rpl_select_parent
 .text.rpl_select_dag
                0x000000000000a992      0x1a6 contiki-sky.a(rpl-dag.o)
                0x000000000000a992                rpl_select_dag
 .text.rpl_nullify_parent
                0x000000000000ab38       0x60 contiki-sky.a(rpl-dag.o)
                0x000000000000ab38                rpl_nullify_parent
 .text.rpl_remove_parent
                0x000000000000ab98       0x16 contiki-sky.a(rpl-dag.o)
                0x000000000000ab98                rpl_remove_parent
 .text.nbr_callback
                0x000000000000abae        0x6 contiki-sky.a(rpl-dag.o)
 .text.remove_parents.constprop.4
                0x000000000000abb4       0x30 contiki-sky.a(rpl-dag.o)
 .text.rpl_free_dag
                0x000000000000abe4       0x42 contiki-sky.a(rpl-dag.o)
                0x000000000000abe4                rpl_free_dag
 .text.rpl_move_parent
                0x000000000000ac26       0x68 contiki-sky.a(rpl-dag.o)
                0x000000000000ac26                rpl_move_parent
 .text.rpl_get_dag
                0x000000000000ac8e       0x86 contiki-sky.a(rpl-dag.o)
                0x000000000000ac8e                rpl_get_dag
 .text.rpl_get_any_dag
                0x000000000000ad14       0x16 contiki-sky.a(rpl-dag.o)
                0x000000000000ad14                rpl_get_any_dag
 .text.rpl_get_instance
                0x000000000000ad2a       0x16 contiki-sky.a(rpl-dag.o)
                0x000000000000ad2a                rpl_get_instance
 .text.rpl_alloc_dag
                0x000000000000ad40       0x64 contiki-sky.a(rpl-dag.o)
                0x000000000000ad40                rpl_alloc_dag
 .text.rpl_repair_root
                0x000000000000ada4       0x4c contiki-sky.a(rpl-dag.o)
                0x000000000000ada4                rpl_repair_root
 .text.rpl_find_of
                0x000000000000adf0       0x10 contiki-sky.a(rpl-dag.o)
                0x000000000000adf0                rpl_find_of
 .text.rpl_join_instance
                0x000000000000ae00      0x156 contiki-sky.a(rpl-dag.o)
                0x000000000000ae00                rpl_join_instance
 .text.rpl_local_repair
                0x000000000000af56       0x9e contiki-sky.a(rpl-dag.o)
                0x000000000000af56                rpl_local_repair
 .text.rpl_process_parent_event
                0x000000000000aff4       0xc0 contiki-sky.a(rpl-dag.o)
                0x000000000000aff4                rpl_process_parent_event
 .text.rpl_recalculate_ranks
                0x000000000000b0b4       0x44 contiki-sky.a(rpl-dag.o)
                0x000000000000b0b4                rpl_recalculate_ranks
 .text.rpl_add_dag
                0x000000000000b0f8      0x114 contiki-sky.a(rpl-dag.o)
                0x000000000000b0f8                rpl_add_dag
 .text.rpl_process_dio
                0x000000000000b20c      0x344 contiki-sky.a(rpl-dag.o)
                0x000000000000b20c                rpl_process_dio
 .text.update_hbh_header
                0x000000000000b550       0xcc contiki-sky.a(rpl-ext-header.)
 .text.insert_hbh_header
                0x000000000000b61c       0x9c contiki-sky.a(rpl-ext-header.)
 .text.rpl_verify_hbh_header
                0x000000000000b6b8      0x100 contiki-sky.a(rpl-ext-header.)
                0x000000000000b6b8                rpl_verify_hbh_header
 .text.rpl_remove_header
                0x000000000000b7b8       0x7a contiki-sky.a(rpl-ext-header.)
                0x000000000000b7b8                rpl_remove_header
 .text.rpl_update_header
                0x000000000000b832       0x60 contiki-sky.a(rpl-ext-header.)
                0x000000000000b832                rpl_update_header
 .text.get32    0x000000000000b892       0x46 contiki-sky.a(rpl-icmp6.o)
 .text.set32    0x000000000000b8d8       0x2a contiki-sky.a(rpl-icmp6.o)
 .text.get16    0x000000000000b902        0xe contiki-sky.a(rpl-icmp6.o)
 .text.set16    0x000000000000b910       0x10 contiki-sky.a(rpl-icmp6.o)
 .text.dao_ack_input
                0x000000000000b920        0xa contiki-sky.a(rpl-icmp6.o)
 .text.dio_input
                0x000000000000b92a      0x2a8 contiki-sky.a(rpl-icmp6.o)
 .text.rpl_icmp6_update_nbr_table
                0x000000000000bbd2       0x30 contiki-sky.a(rpl-icmp6.o)
                0x000000000000bbd2                rpl_icmp6_update_nbr_table
 .text.dao_input
                0x000000000000bc02      0x2e2 contiki-sky.a(rpl-icmp6.o)
 .text.dis_output
                0x000000000000bee4       0x50 contiki-sky.a(rpl-icmp6.o)
                0x000000000000bee4                dis_output
 .text.dio_output
                0x000000000000bf34      0x272 contiki-sky.a(rpl-icmp6.o)
                0x000000000000bf34                dio_output
 .text.dis_input
                0x000000000000c1a6       0x3e contiki-sky.a(rpl-icmp6.o)
 .text.dao_output_target
                0x000000000000c1e4      0x10e contiki-sky.a(rpl-icmp6.o)
                0x000000000000c1e4                dao_output_target
 .text.dao_output
                0x000000000000c2f2       0xb4 contiki-sky.a(rpl-icmp6.o)
                0x000000000000c2f2                dao_output
 .text.rpl_icmp6_register_handlers
                0x000000000000c3a6       0x22 contiki-sky.a(rpl-icmp6.o)
                0x000000000000c3a6                rpl_icmp6_register_handlers
 .text.reset    0x000000000000c3c8        0x2 contiki-sky.a(rpl-mrhof.o)
 .text.update_metric_container
                0x000000000000c3ca        0x6 contiki-sky.a(rpl-mrhof.o)
 .text.parent_link_metric
                0x000000000000c3d0       0x10 contiki-sky.a(rpl-mrhof.o)
 .text.parent_has_usable_link
                0x000000000000c3e0       0x14 contiki-sky.a(rpl-mrhof.o)
 .text.best_dag
                0x000000000000c3f4       0x2e contiki-sky.a(rpl-mrhof.o)
 .text.parent_path_cost
                0x000000000000c422       0x44 contiki-sky.a(rpl-mrhof.o)
 .text.parent_is_acceptable
                0x000000000000c466       0x2e contiki-sky.a(rpl-mrhof.o)
 .text.rank_via_parent
                0x000000000000c494       0x56 contiki-sky.a(rpl-mrhof.o)
 .text.best_parent
                0x000000000000c4ea       0x82 contiki-sky.a(rpl-mrhof.o)
 .text.handle_unicast_dio_timer
                0x000000000000c56c       0x1c contiki-sky.a(rpl-timers.o)
 .text.new_dio_interval
                0x000000000000c588       0x92 contiki-sky.a(rpl-timers.o)
 .text.set_dao_lifetime_timer
                0x000000000000c61a       0x86 contiki-sky.a(rpl-timers.o)
 .text.handle_periodic_timer
                0x000000000000c6a0       0x50 contiki-sky.a(rpl-timers.o)
 .text.schedule_dao
                0x000000000000c6f0       0x82 contiki-sky.a(rpl-timers.o)
 .text.handle_dio_timer
                0x000000000000c772       0x88 contiki-sky.a(rpl-timers.o)
 .text.handle_dao_timer
                0x000000000000c7fa       0x64 contiki-sky.a(rpl-timers.o)
 .text.rpl_reset_periodic_timer
                0x000000000000c85e       0x54 contiki-sky.a(rpl-timers.o)
                0x000000000000c85e                rpl_reset_periodic_timer
 .text.rpl_reset_dio_timer
                0x000000000000c8b2       0x18 contiki-sky.a(rpl-timers.o)
                0x000000000000c8b2                rpl_reset_dio_timer
 .text.rpl_schedule_dao
                0x000000000000c8ca        0xc contiki-sky.a(rpl-timers.o)
                0x000000000000c8ca                rpl_schedule_dao
 .text.rpl_schedule_unicast_dio_immediately
                0x000000000000c8d6       0x16 contiki-sky.a(rpl-timers.o)
                0x000000000000c8d6                rpl_schedule_unicast_dio_immediately
 .text.get_probing_delay
                0x000000000000c8ec       0x40 contiki-sky.a(rpl-timers.o)
                0x000000000000c8ec                get_probing_delay
 .text.get_probing_target
                0x000000000000c92c       0xfa contiki-sky.a(rpl-timers.o)
                0x000000000000c92c                get_probing_target
 .text.rpl_schedule_probing
                0x000000000000ca26       0x26 contiki-sky.a(rpl-timers.o)
                0x000000000000ca26                rpl_schedule_probing
 .text.handle_probing_timer
                0x000000000000ca4c       0x3c contiki-sky.a(rpl-timers.o)
 .text.input_packet
                0x000000000000ca88        0x6 contiki-sky.a(csma.o)
 .text.on       0x000000000000ca8e        0x6 contiki-sky.a(csma.o)
 .text.off      0x000000000000ca94        0x6 contiki-sky.a(csma.o)
 .text.channel_check_interval
                0x000000000000ca9a       0x10 contiki-sky.a(csma.o)
 .text.transmit_packet_list
                0x000000000000caaa       0x24 contiki-sky.a(csma.o)
 .text.schedule_transmission
                0x000000000000cace       0x96 contiki-sky.a(csma.o)
 .text.init     0x000000000000cb64       0x1a contiki-sky.a(csma.o)
 .text.tx_done  0x000000000000cb7e       0x9a contiki-sky.a(csma.o)
 .text.send_packet
                0x000000000000cc18      0x164 contiki-sky.a(csma.o)
 .text.packet_sent
                0x000000000000cd7c       0xd6 contiki-sky.a(csma.o)
 .text.create_frame.isra.0
                0x000000000000ce52      0x118 contiki-sky.a(framer-802154.o)
 .text.create   0x000000000000cf6a        0x8 contiki-sky.a(framer-802154.o)
 .text.hdr_length
                0x000000000000cf72        0x8 contiki-sky.a(framer-802154.o)
 .text.parse    0x000000000000cf7a       0x9e contiki-sky.a(framer-802154.o)
 .text.mac_call_sent_callback
                0x000000000000d018       0x14 contiki-sky.a(mac.o)
                0x000000000000d018                mac_call_sent_callback
 .text.linkaddr_copy
                0x000000000000d02c        0x8 contiki-sky.a(linkaddr.o)
                0x000000000000d02c                linkaddr_copy
 .text.linkaddr_cmp
                0x000000000000d034       0x12 contiki-sky.a(linkaddr.o)
                0x000000000000d034                linkaddr_cmp
 .text.linkaddr_set_node_addr
                0x000000000000d046        0xc contiki-sky.a(linkaddr.o)
                0x000000000000d046                linkaddr_set_node_addr
 .text.periodic
                0x000000000000d052       0x28 contiki-sky.a(link-stats.o)
 .text.link_stats_from_lladdr
                0x000000000000d07a        0xc contiki-sky.a(link-stats.o)
                0x000000000000d07a                link_stats_from_lladdr
 .text.link_stats_is_fresh
                0x000000000000d086       0x32 contiki-sky.a(link-stats.o)
                0x000000000000d086                link_stats_is_fresh
 .text.link_stats_packet_sent
                0x000000000000d0b8       0xd6 contiki-sky.a(link-stats.o)
                0x000000000000d0b8                link_stats_packet_sent
 .text.link_stats_input_callback
                0x000000000000d18e       0xb2 contiki-sky.a(link-stats.o)
                0x000000000000d18e                link_stats_input_callback
 .text.link_stats_init
                0x000000000000d240       0x22 contiki-sky.a(link-stats.o)
                0x000000000000d240                link_stats_init
 .text.key_from_index
                0x000000000000d262       0x18 contiki-sky.a(nbr-table.o)
 .text.item_from_index
                0x000000000000d27a       0x2a contiki-sky.a(nbr-table.o)
 .text.index_from_key
                0x000000000000d2a4       0x26 contiki-sky.a(nbr-table.o)
 .text.index_from_item
                0x000000000000d2ca       0x1e contiki-sky.a(nbr-table.o)
 .text.nbr_set_bit
                0x000000000000d2e8       0x58 contiki-sky.a(nbr-table.o)
 .text.index_from_lladdr
                0x000000000000d340       0x42 contiki-sky.a(nbr-table.o)
 .text.nbr_get_bit.constprop.0
                0x000000000000d382       0x2e contiki-sky.a(nbr-table.o)
 .text.remove_key
                0x000000000000d3b0       0x66 contiki-sky.a(nbr-table.o)
 .text.nbr_table_register
                0x000000000000d416       0x26 contiki-sky.a(nbr-table.o)
                0x000000000000d416                nbr_table_register
 .text.nbr_table_next
                0x000000000000d43c       0x3e contiki-sky.a(nbr-table.o)
                0x000000000000d43c                nbr_table_next
 .text.nbr_table_head
                0x000000000000d47a       0x3a contiki-sky.a(nbr-table.o)
                0x000000000000d47a                nbr_table_head
 .text.nbr_table_add_lladdr
                0x000000000000d4b4      0x110 contiki-sky.a(nbr-table.o)
                0x000000000000d4b4                nbr_table_add_lladdr
 .text.nbr_table_get_from_lladdr
                0x000000000000d5c4       0x2c contiki-sky.a(nbr-table.o)
                0x000000000000d5c4                nbr_table_get_from_lladdr
 .text.nbr_table_remove
                0x000000000000d5f0       0x32 contiki-sky.a(nbr-table.o)
                0x000000000000d5f0                nbr_table_remove
 .text.nbr_table_lock
                0x000000000000d622       0x10 contiki-sky.a(nbr-table.o)
                0x000000000000d622                nbr_table_lock
 .text.nbr_table_unlock
                0x000000000000d632       0x10 contiki-sky.a(nbr-table.o)
                0x000000000000d632                nbr_table_unlock
 .text.nbr_table_get_lladdr
                0x000000000000d642       0x14 contiki-sky.a(nbr-table.o)
                0x000000000000d642                nbr_table_get_lladdr
 .text.nbr_table_update_lladdr
                0x000000000000d656       0x50 contiki-sky.a(nbr-table.o)
                0x000000000000d656                nbr_table_update_lladdr
 .text.packetbuf_hdrreduce
                0x000000000000d6a6       0x1a contiki-sky.a(packetbuf.o)
                0x000000000000d6a6                packetbuf_hdrreduce
 .text.packetbuf_set_datalen
                0x000000000000d6c0        0x6 contiki-sky.a(packetbuf.o)
                0x000000000000d6c0                packetbuf_set_datalen
 .text.packetbuf_hdrptr
                0x000000000000d6c6        0x6 contiki-sky.a(packetbuf.o)
                0x000000000000d6c6                packetbuf_hdrptr
 .text.packetbuf_datalen
                0x000000000000d6cc        0x6 contiki-sky.a(packetbuf.o)
                0x000000000000d6cc                packetbuf_datalen
 .text.packetbuf_hdrlen
                0x000000000000d6d2        0xa contiki-sky.a(packetbuf.o)
                0x000000000000d6d2                packetbuf_hdrlen
 .text.packetbuf_dataptr
                0x000000000000d6dc        0xc contiki-sky.a(packetbuf.o)
                0x000000000000d6dc                packetbuf_dataptr
 .text.packetbuf_copyto
                0x000000000000d6e8       0x46 contiki-sky.a(packetbuf.o)
                0x000000000000d6e8                packetbuf_copyto
 .text.packetbuf_totlen
                0x000000000000d72e        0xc contiki-sky.a(packetbuf.o)
                0x000000000000d72e                packetbuf_totlen
 .text.packetbuf_hdralloc
                0x000000000000d73a       0x3c contiki-sky.a(packetbuf.o)
                0x000000000000d73a                packetbuf_hdralloc
 .text.packetbuf_attr_clear
                0x000000000000d776       0x28 contiki-sky.a(packetbuf.o)
                0x000000000000d776                packetbuf_attr_clear
 .text.packetbuf_clear
                0x000000000000d79e       0x12 contiki-sky.a(packetbuf.o)
                0x000000000000d79e                packetbuf_clear
 .text.packetbuf_copyfrom
                0x000000000000d7b0       0x2e contiki-sky.a(packetbuf.o)
                0x000000000000d7b0                packetbuf_copyfrom
 .text.packetbuf_attr_copyto
                0x000000000000d7de       0x22 contiki-sky.a(packetbuf.o)
                0x000000000000d7de                packetbuf_attr_copyto
 .text.packetbuf_attr_copyfrom
                0x000000000000d800       0x24 contiki-sky.a(packetbuf.o)
                0x000000000000d800                packetbuf_attr_copyfrom
 .text.packetbuf_holds_broadcast
                0x000000000000d824        0xe contiki-sky.a(packetbuf.o)
                0x000000000000d824                packetbuf_holds_broadcast
 .text.queuebuf_init
                0x000000000000d832       0x12 contiki-sky.a(queuebuf.o)
                0x000000000000d832                queuebuf_init
 .text.queuebuf_numfree
                0x000000000000d844        0xa contiki-sky.a(queuebuf.o)
                0x000000000000d844                queuebuf_numfree
 .text.queuebuf_new_from_packetbuf
                0x000000000000d84e       0x52 contiki-sky.a(queuebuf.o)
                0x000000000000d84e                queuebuf_new_from_packetbuf
 .text.queuebuf_update_attr_from_packetbuf
                0x000000000000d8a0       0x12 contiki-sky.a(queuebuf.o)
                0x000000000000d8a0                queuebuf_update_attr_from_packetbuf
 .text.queuebuf_update_from_packetbuf
                0x000000000000d8b2       0x22 contiki-sky.a(queuebuf.o)
                0x000000000000d8b2                queuebuf_update_from_packetbuf
 .text.queuebuf_free
                0x000000000000d8d4       0x2a contiki-sky.a(queuebuf.o)
                0x000000000000d8d4                queuebuf_free
 .text.queuebuf_to_packetbuf
                0x000000000000d8fe       0x32 contiki-sky.a(queuebuf.o)
                0x000000000000d8fe                queuebuf_to_packetbuf
 .text.queuebuf_attr
                0x000000000000d930        0xe contiki-sky.a(queuebuf.o)
                0x000000000000d930                queuebuf_attr
 .text.duty_cycle
                0x000000000000d93e        0x6 contiki-sky.a(contikimac.o)
 .text.init     0x000000000000d944       0x2a contiki-sky.a(contikimac.o)
 .text.on       0x000000000000d96e       0x1a contiki-sky.a(contikimac.o)
 .text.off      0x000000000000d988       0x22 contiki-sky.a(contikimac.o)
 .text.recv_burst_off
                0x000000000000d9aa        0xa contiki-sky.a(contikimac.o)
 .text.turn_off
                0x000000000000d9b4       0x20 contiki-sky.a(contikimac.o)
 .text.turn_on  0x000000000000d9d4       0x30 contiki-sky.a(contikimac.o)
 .text.schedule_powercycle_fixed.part.4
                0x000000000000da04       0x32 contiki-sky.a(contikimac.o)
 .text.powercycle_turn_radio_off
                0x000000000000da36       0x30 contiki-sky.a(contikimac.o)
 .text.input_packet
                0x000000000000da66       0xb6 contiki-sky.a(contikimac.o)
 .text.send_packet.isra.8
                0x000000000000db1c      0x20c contiki-sky.a(contikimac.o)
 .text.qsend_list
                0x000000000000dd28       0xd2 contiki-sky.a(contikimac.o)
 .text.qsend_packet
                0x000000000000ddfa       0x28 contiki-sky.a(contikimac.o)
 .text.powercycle_wrapper
                0x000000000000de22      0x1ca contiki-sky.a(contikimac.o)
 .text.init     0x000000000000dfec        0x2 contiki-sky.a(nullsec.o)
 .text.send     0x000000000000dfee        0xa contiki-sky.a(nullsec.o)
 .text.input    0x000000000000dff8        0x6 contiki-sky.a(nullsec.o)
 .text.spi_init
                0x000000000000dffe       0x30 contiki-sky.a(spi.o)
                0x000000000000dffe                spi_init
 .text.stimer_set
                0x000000000000e02e       0x1c contiki-sky.a(stimer.o)
                0x000000000000e02e                stimer_set
 .text.stimer_expired
                0x000000000000e04a       0x30 contiki-sky.a(stimer.o)
                0x000000000000e04a                stimer_expired
 .text.memb_init
                0x000000000000e07a       0x36 contiki-sky.a(memb.o)
                0x000000000000e07a                memb_init
 .text.memb_alloc
                0x000000000000e0b0       0x3e contiki-sky.a(memb.o)
                0x000000000000e0b0                memb_alloc
 .text.memb_free
                0x000000000000e0ee       0x3a contiki-sky.a(memb.o)
                0x000000000000e0ee                memb_free
 .text.memb_inmemb
                0x000000000000e128       0x2a contiki-sky.a(memb.o)
                0x000000000000e128                memb_inmemb
 .text.memb_numfree
                0x000000000000e152       0x26 contiki-sky.a(memb.o)
                0x000000000000e152                memb_numfree
 .text.update_nbr
                0x000000000000e178       0xe6 contiki-sky.a(rpl-nbr-policy.)
 .text.handle_periodic_timer
                0x000000000000e25e        0xe contiki-sky.a(rpl-nbr-policy.)
 .text.find_removable_dis
                0x000000000000e26c       0x14 contiki-sky.a(rpl-nbr-policy.)
                0x000000000000e26c                find_removable_dis
 .text.find_removable_dio
                0x000000000000e280       0x3e contiki-sky.a(rpl-nbr-policy.)
                0x000000000000e280                find_removable_dio
 .text.find_removable_dao
                0x000000000000e2be       0x32 contiki-sky.a(rpl-nbr-policy.)
                0x000000000000e2be                find_removable_dao
 .text.rpl_nbr_policy_find_removable
                0x000000000000e2f0       0x30 contiki-sky.a(rpl-nbr-policy.)
                0x000000000000e2f0                rpl_nbr_policy_find_removable
 .text.frame802154_get_pan_id
                0x000000000000e320        0x6 contiki-sky.a(frame802154.o)
                0x000000000000e320                frame802154_get_pan_id
 .text.frame802154_has_panid
                0x000000000000e326       0xe0 contiki-sky.a(frame802154.o)
                0x000000000000e326                frame802154_has_panid
 .text.field_len
                0x000000000000e406       0xac contiki-sky.a(frame802154.o)
 .text.frame802154_is_broadcast_addr
                0x000000000000e4b2       0x28 contiki-sky.a(frame802154.o)
                0x000000000000e4b2                frame802154_is_broadcast_addr
 .text.frame802154_hdrlen
                0x000000000000e4da       0x32 contiki-sky.a(frame802154.o)
                0x000000000000e4da                frame802154_hdrlen
 .text.frame802154_create_fcf
                0x000000000000e50c       0x96 contiki-sky.a(frame802154.o)
                0x000000000000e50c                frame802154_create_fcf
 .text.frame802154_create
                0x000000000000e5a2       0xe4 contiki-sky.a(frame802154.o)
                0x000000000000e5a2                frame802154_create
 .text.frame802154_parse_fcf
                0x000000000000e686       0xbc contiki-sky.a(frame802154.o)
                0x000000000000e686                frame802154_parse_fcf
 .text.frame802154_parse
                0x000000000000e742      0x168 contiki-sky.a(frame802154.o)
                0x000000000000e742                frame802154_parse
 .text.mac_sequence_is_duplicate
                0x000000000000e8aa       0x76 contiki-sky.a(mac-sequence.o)
                0x000000000000e8aa                mac_sequence_is_duplicate
 .text.mac_sequence_register_seqno
                0x000000000000e920       0x80 contiki-sky.a(mac-sequence.o)
                0x000000000000e920                mac_sequence_register_seqno
 .text.libgcc   0x000000000000e9a0       0x2c /opt/compilers/mspgcc-4.7.3/bin/../lib/gcc/msp430/4.7.3/mmpy-16/libgcc.a(_mulsi3.o)
                0x000000000000e9a0                __mulsi3
 .text.libgcc   0x000000000000e9cc       0x22 /opt/compilers/mspgcc-4.7.3/bin/../lib/gcc/msp430/4.7.3/mmpy-16/libgcc.a(_udivmod16.o)
                0x000000000000e9cc                __udivhi3
                0x000000000000e9cc                __ext_udivmod16
                0x000000000000e9e6                __umodhi3
 .text.libgcc   0x000000000000e9ee       0x3a /opt/compilers/mspgcc-4.7.3/bin/../lib/gcc/msp430/4.7.3/mmpy-16/libgcc.a(_divmod16.o)
                0x000000000000e9ee                __ext_divmod16
                0x000000000000e9ee                __divhi3
                0x000000000000ea20                __modhi3
 .text.libgcc   0x000000000000ea28       0x40 /opt/compilers/mspgcc-4.7.3/bin/../lib/gcc/msp430/4.7.3/mmpy-16/libgcc.a(_udivmod32.o)
                0x000000000000ea28                __udivsi3
                0x000000000000ea28                __ext_udivmod32
                0x000000000000ea5e                __umodsi3
 .text.libgcc   0x000000000000ea68       0x4c /opt/compilers/mspgcc-4.7.3/bin/../lib/gcc/msp430/4.7.3/mmpy-16/libgcc.a(_divmod32.o)
                0x000000000000ea68                __ext_divmod32
                0x000000000000ea68                __divsi3
                0x000000000000eaaa                __modsi3
 .text.printf   0x000000000000eab4       0x10 /opt/compilers/mspgcc-4.7.3/bin/../lib/gcc/msp430/4.7.3/../../../../msp430/lib/mmpy-16/libc.a(printf.o)
                0x000000000000eab4                printf
 .text.print_field
                0x000000000000eac4      0x194 /opt/compilers/mspgcc-4.7.3/bin/../lib/gcc/msp430/4.7.3/../../../../msp430/lib/mmpy-16/libc.a(vuprintf.o)
 .text.vuprintf
                0x000000000000ec58      0x63e /opt/compilers/mspgcc-4.7.3/bin/../lib/gcc/msp430/4.7.3/../../../../msp430/lib/mmpy-16/libc.a(vuprintf.o)
                0x000000000000ec58                vuprintf
 .text.puts     0x000000000000f296       0x2c /opt/compilers/mspgcc-4.7.3/bin/../lib/gcc/msp430/4.7.3/../../../../msp430/lib/mmpy-16/libc.a(puts.o)
                0x000000000000f296                puts
 .text.rand     0x000000000000f2c2       0x26 /opt/compilers/mspgcc-4.7.3/bin/../lib/gcc/msp430/4.7.3/../../../../msp430/lib/mmpy-16/libc.a(rand.o)
                0x000000000000f2c2                rand
 .text.srand    0x000000000000f2e8        0xa /opt/compilers/mspgcc-4.7.3/bin/../lib/gcc/msp430/4.7.3/../../../../msp430/lib/mmpy-16/libc.a(rand.o)
                0x000000000000f2e8                srand
 .text.memcmp   0x000000000000f2f2       0x30 /opt/compilers/mspgcc-4.7.3/bin/../lib/gcc/msp430/4.7.3/../../../../msp430/lib/mmpy-16/libc.a(memcmp.o)
                0x000000000000f2f2                memcmp
 .text.memcpy   0x000000000000f322       0xfa /opt/compilers/mspgcc-4.7.3/bin/../lib/gcc/msp430/4.7.3/../../../../msp430/lib/mmpy-16/libc.a(memcpy.o)
                0x000000000000f322                memcpy
 .text.memmove  0x000000000000f41c       0xfa /opt/compilers/mspgcc-4.7.3/bin/../lib/gcc/msp430/4.7.3/../../../../msp430/lib/mmpy-16/libc.a(memmove.o)
                0x000000000000f41c                memmove
 .text.memset   0x000000000000f516       0x6a /opt/compilers/mspgcc-4.7.3/bin/../lib/gcc/msp430/4.7.3/../../../../msp430/lib/mmpy-16/libc.a(memset.o)
                0x000000000000f516                memset
 .text.libgcc   0x000000000000f580       0xf0 /opt/compilers/mspgcc-4.7.3/bin/../lib/gcc/msp430/4.7.3/mmpy-16/libgcc.a(_udivmod64.o)
                0x000000000000f580                __xabi_udivmod64
                0x000000000000f5de                __udivdi3
                0x000000000000f604                __umoddi3
                0x000000000000f632                __udivmoddi4
 .text.crt0     0x000000000000f670        0x2 /opt/compilers/mspgcc-4.7.3/bin/../lib/gcc/msp430/4.7.3/mmpy-16/libcrt0.a(_unexpected_.o)
                0x000000000000f670                _unexpected_
 *(.near.text .near.text.*)

.rodata         0x000000000000f674      0x321
                0x000000000000f674                . = ALIGN (0x2)
 *(.rodata .rodata.* .gnu.linkonce.r.*)
 .rodata        0x000000000000f674       0x78 udp-client-relay.co
                0x000000000000f6d4                autostart_processes
 .rodata        0x000000000000f6ec      0x12e obj_sky/contiki-sky-main.o
 .rodata        0x000000000000f81a       0x10 contiki-sky.a(button-sensor.o)
                0x000000000000f822                button_sensor
 .rodata        0x000000000000f82a        0x8 contiki-sky.a(sensors.o)
 *fill*         0x000000000000f832        0x2 00
 .rodata.get_value
                0x000000000000f834       0x24 contiki-sky.a(cc2420.o)
 .rodata.set_value
                0x000000000000f858       0x10 contiki-sky.a(cc2420.o)
 .rodata        0x000000000000f868       0x3e contiki-sky.a(cc2420.o)
                0x000000000000f868                cc2420_aes_128_driver
                0x000000000000f86c                cc2420_driver
 .rodata        0x000000000000f8a6        0xf contiki-sky.a(ctimer.o)
 .rodata        0x000000000000f8b5        0xc contiki-sky.a(etimer.o)
 *fill*         0x000000000000f8c1        0x1 00
 .rodata        0x000000000000f8c2       0x24 contiki-sky.a(sicslowpan.o)
                0x000000000000f8ce                sicslowpan_driver
                0x000000000000f8d4                llprefix
                0x000000000000f8d6                unc_mxconf
                0x000000000000f8da                unc_ctxconf
                0x000000000000f8de                unc_llconf
 *fill*         0x000000000000f8e6        0x2 00
 .rodata.uip_process
                0x000000000000f8e8       0x20 contiki-sky.a(uip6.o)
 .rodata        0x000000000000f908        0xd contiki-sky.a(tcpip.o)
 .rodata        0x000000000000f915       0x28 contiki-sky.a(uip-debug.o)
 *fill*         0x000000000000f93d        0x1 00
 .rodata        0x000000000000f93e       0x14 contiki-sky.a(csma.o)
                0x000000000000f944                csma_driver
 .rodata        0x000000000000f952        0x6 contiki-sky.a(framer-802154.o)
                0x000000000000f952                framer_802154
 .rodata        0x000000000000f958        0x8 contiki-sky.a(linkaddr.o)
                0x000000000000f958                linkaddr_null
 .rodata        0x000000000000f960       0x1c contiki-sky.a(contikimac.o)
                0x000000000000f96c                contikimac_driver
 .rodata        0x000000000000f97c       0x10 contiki-sky.a(nullsec.o)
                0x000000000000f984                nullsec_driver
 .rodata        0x000000000000f98c        0x2 contiki-sky.a(frame802154.o)
 .rodata.vuprintf
                0x000000000000f98e        0x7 /opt/compilers/mspgcc-4.7.3/bin/../lib/gcc/msp430/4.7.3/../../../../msp430/lib/mmpy-16/libc.a(vuprintf.o)
 *(.near.rodata .near.rodata.*)
                0x000000000000f996                . = ALIGN (0x2)
                0x000000000000f996                _etext = .

.data           0x0000000000001100       0xf6 load address 0x000000000000f996
                0x0000000000001100                . = ALIGN (0x2)
                0x0000000000001100                __data_start = .
 *(.data .data.* .gnu.linkonce.d.*)
 .data          0x0000000000001100        0xa udp-client-relay.co
                0x0000000000001100                udp_client_process
 .data          0x000000000000110a        0x4 contiki-sky.a(contiki-sky-pla)
                0x000000000000110a                sensors
 .data          0x000000000000110e        0xa contiki-sky.a(sensors.o)
                0x000000000000110e                sensors_process
 .data          0x0000000000001118        0xc contiki-sky.a(cc2420.o)
                0x0000000000001118                cc2420_process
 .data          0x0000000000001124        0x2 contiki-sky.a(msp430.o)
 .data          0x0000000000001126        0xa contiki-sky.a(ctimer.o)
                0x0000000000001126                ctimer_process
 .data          0x0000000000001130        0xa contiki-sky.a(etimer.o)
                0x0000000000001130                etimer_process
 .data          0x000000000000113a        0xa contiki-sky.a(uip-ds6-nbr.o)
                0x000000000000113a                ds6_neighbors
 .data          0x0000000000001144       0x22 contiki-sky.a(uip-ds6-route.o)
                0x0000000000001144                nbr_routes
 .data          0x0000000000001166        0xc contiki-sky.a(uip-icmp6.o)
 .data          0x0000000000001172        0x6 contiki-sky.a(uip-nd6.o)
 .data          0x0000000000001178        0xa contiki-sky.a(tcpip.o)
                0x0000000000001178                tcpip_process
 .data          0x0000000000001182        0xa contiki-sky.a(rpl-dag.o)
                0x0000000000001182                rpl_parents
 .data          0x000000000000118c       0x1a contiki-sky.a(rpl-icmp6.o)
 .data          0x00000000000011a6       0x12 contiki-sky.a(rpl-mrhof.o)
                0x00000000000011a6                rpl_mrhof
 .data          0x00000000000011b8       0x18 contiki-sky.a(csma.o)
 .data          0x00000000000011d0        0x8 contiki-sky.a(link-stats.o)
 .data          0x00000000000011d8        0x8 contiki-sky.a(nbr-table.o)
 .data          0x00000000000011e0       0x10 contiki-sky.a(queuebuf.o)
 .data          0x00000000000011f0        0x2 contiki-sky.a(frame802154.o)
 .data.next     0x00000000000011f2        0x4 /opt/compilers/mspgcc-4.7.3/bin/../lib/gcc/msp430/4.7.3/../../../../msp430/lib/mmpy-16/libc.a(rand.o)
 *(.near.data .near.data.*)
                0x00000000000011f6                . = ALIGN (0x2)
                0x00000000000011f6                _edata = .
                0x000000000000f996                __data_load_start = LOADADDR (.data)
                0x00000000000000f6                __data_size = SIZEOF (.data)

.bss            0x00000000000011f6     0x1ada load address 0x000000000000fa8c
                0x00000000000011f6                __bss_start = .
 *(.bss .bss.*)
 .bss           0x00000000000011f6       0x3e udp-client-relay.co
                0x00000000000011f6                print
 .bss           0x0000000000001234        0xc obj_sky/contiki-sky-main.o
 .bss           0x0000000000001240        0x8 contiki-sky.a(button-sensor.o)
 .bss           0x0000000000001248        0x2 contiki-sky.a(node-id.o)
                0x0000000000001248                node_id
 .bss           0x000000000000124a        0x6 contiki-sky.a(sensors.o)
 .bss           0x0000000000001250        0xa contiki-sky.a(cc2420.o)
 .bss           0x000000000000125a       0x9a contiki-sky.a(uart1.o)
 .bss           0x00000000000012f4        0xa contiki-sky.a(clock.o)
 .bss           0x00000000000012fe        0x1 contiki-sky.a(leds.o)
 *fill*         0x00000000000012ff        0x1 00
 .bss           0x0000000000001300        0x2 contiki-sky.a(watchdog.o)
 .bss           0x0000000000001302        0x8 contiki-sky.a(compower.o)
 .bss           0x000000000000130a        0x4 contiki-sky.a(ctimer.o)
 .bss           0x000000000000130e        0x6 contiki-sky.a(etimer.o)
 .bss           0x0000000000001314       0x38 contiki-sky.a(process.o)
                0x0000000000001314                process_current
                0x0000000000001316                process_list
 .bss           0x000000000000134c        0x2 contiki-sky.a(rtimer.o)
 .bss           0x000000000000134e      0x6e6 contiki-sky.a(sicslowpan.o)
 .bss           0x0000000000001a34        0xa contiki-sky.a(uip6.o)
                0x0000000000001a34                uip_ext_opt_offset
                0x0000000000001a35                uip_ext_len
                0x0000000000001a36                uip_ext_bitmap
 .bss           0x0000000000001a3e       0x18 contiki-sky.a(uip-ds6.o)
 .bss           0x0000000000001a56       0xb4 contiki-sky.a(uip-ds6-nbr.o)
 .bss           0x0000000000001b0a      0x1e6 contiki-sky.a(uip-ds6-route.o)
 .bss           0x0000000000001cf0       0x14 contiki-sky.a(uip-icmp6.o)
 .bss           0x0000000000001d04        0x8 contiki-sky.a(uip-nd6.o)
 .bss           0x0000000000001d0c       0x30 contiki-sky.a(tcpip.o)
 .bss           0x0000000000001d3c        0x2 contiki-sky.a(rpl.o)
 .bss           0x0000000000001d3e       0x3c contiki-sky.a(rpl-dag.o)
 .bss           0x0000000000001d7a       0x18 contiki-sky.a(rpl-timers.o)
 .bss           0x0000000000001d92       0xc0 contiki-sky.a(csma.o)
 .bss           0x0000000000001e52        0x2 contiki-sky.a(framer-802154.o)
 .bss           0x0000000000001e54       0x64 contiki-sky.a(link-stats.o)
 .bss           0x0000000000001eb8       0x96 contiki-sky.a(nbr-table.o)
 .bss           0x0000000000001f4e       0x86 contiki-sky.a(packetbuf.o)
 .bss           0x0000000000001fd4      0x5a0 contiki-sky.a(queuebuf.o)
 .bss           0x0000000000002574       0x32 contiki-sky.a(contikimac.o)
 .bss           0x00000000000025a6       0x20 contiki-sky.a(rpl-nbr-policy.)
 .bss           0x00000000000025c6       0xe0 contiki-sky.a(mac-sequence.o)
 *(.near.bss .near.bss.*)
 *(COMMON)
 COMMON         0x00000000000026a6        0x2 contiki-sky.a(contiki-sky-pla)
                0x00000000000026a6                sensors_flags
 COMMON         0x00000000000026a8        0x8 contiki-sky.a(ds2411.o)
                0x00000000000026a8                ds2411_id
 COMMON         0x00000000000026b0        0x1 contiki-sky.a(sensors.o)
                0x00000000000026b0                sensors_event
 *fill*         0x00000000000026b1        0x1 00
 COMMON         0x00000000000026b2       0x10 contiki-sky.a(cc2420.o)
                0x00000000000026b2                cc2420_last_rssi
                0x00000000000026b4                cc2420_sfd_start_time
                0x00000000000026b6                cc2420_time_of_departure
                0x00000000000026b8                cc2420_time_of_arrival
                0x00000000000026ba                cc2420_last_correlation
                0x00000000000026bc                cc2420_authority_level_of_sender
                0x00000000000026be                cc2420_sfd_counter
                0x00000000000026c0                cc2420_sfd_end_time
 COMMON         0x00000000000026c2        0x2 contiki-sky.a(msp430.o)
                0x00000000000026c2                msp430_dco_required
 COMMON         0x00000000000026c4        0x8 contiki-sky.a(compower.o)
                0x00000000000026c4                compower_idle_activity
 COMMON         0x00000000000026cc       0x56 contiki-sky.a(energest.o)
                0x00000000000026cc                energest_total_time
                0x00000000000026fc                energest_total_count
                0x00000000000026fe                energest_current_mode
                0x000000000000270a                energest_current_time
 COMMON         0x0000000000002722        0x1 contiki-sky.a(process.o)
                0x0000000000002722                process_maxevents
 COMMON         0x0000000000002723        0x1 contiki-sky.a(serial-line.o)
                0x0000000000002723                serial_line_event_message
 COMMON         0x0000000000002724      0x304 contiki-sky.a(uip6.o)
                0x0000000000002724                uip_len
                0x0000000000002726                uip_sappdata
                0x0000000000002728                uip_acc32
                0x000000000000272c                uip_lladdr
                0x0000000000002734                uip_aligned_buf
                0x0000000000002824                uip_flags
                0x0000000000002826                uip_next_hdr
                0x0000000000002828                uip_udp_conn
                0x000000000000282a                uip_appdata
                0x000000000000282c                uip_conn
                0x000000000000282e                uip_conns
                0x00000000000028de                uip_listenports
                0x00000000000028ee                uip_slen
                0x00000000000028f0                uip_udp_conns
 COMMON         0x0000000000002a28      0x15c contiki-sky.a(uip-ds6.o)
                0x0000000000002a28                uip_ds6_timer_ra
                0x0000000000002a30                uip_ds6_if
                0x0000000000002b1c                uip_ds6_netif_addr_list_offset
                0x0000000000002b1d                uip_ds6_addr_size
                0x0000000000002b1e                uip_ds6_prefix_list
                0x0000000000002b78                uip_ds6_timer_periodic
 COMMON         0x0000000000002b84        0x1 contiki-sky.a(tcpip.o)
                0x0000000000002b84                tcpip_event
 *fill*         0x0000000000002b85        0x1 00
 COMMON         0x0000000000002b86      0x100 contiki-sky.a(rpl-dag.o)
                0x0000000000002b86                default_instance
                0x0000000000002b88                instance_table
 COMMON         0x0000000000002c86        0x8 contiki-sky.a(linkaddr.o)
                0x0000000000002c86                linkaddr_node_addr
 COMMON         0x0000000000002c8e       0x14 contiki-sky.a(link-stats.o)
                0x0000000000002c8e                periodic_timer
 COMMON         0x0000000000002ca2       0x2e contiki-sky.a(packetbuf.o)
                0x0000000000002ca2                packetbuf_addrs
                0x0000000000002cb2                packetbuf_attrs
                0x0000000000002cd0                . = ALIGN (0x2)
                0x0000000000002cd0                __bss_end = .
                0x0000000000001ada                __bss_size = SIZEOF (.bss)

.noinit         0x0000000000002cd0        0x2 load address 0x000000000000fa8c
                0x0000000000002cd0                . = ALIGN (0x2)
                0x0000000000002cd0                __noinit_start = .
 *(.noinit .noinit.*)
 .noinit.crt0   0x0000000000002cd0        0x2 /opt/compilers/mspgcc-4.7.3/bin/../lib/gcc/msp430/4.7.3/mmpy-16/libcrt0.a(__watchdog_support.o)
                0x0000000000002cd0                __wdt_clear_value
                0x0000000000002cd2                . = ALIGN (0x2)
                0x0000000000002cd2                __noinit_end = .
                0x0000000000002cd2                . = ALIGN (0x2)
                0x0000000000002cd2                _end = .

.infomem        0x0000000000001000        0x0
                0x0000000000001000                . = ALIGN (0x2)
 *(.infomem .infomem.*)

.infomemnobits  0x0000000000001000        0x0
                0x0000000000001000                . = ALIGN (0x2)
 *(.infomemnobits .infomemnobits.*)
